Component: ARM Compiler 5.06 update 6 (build 750) Tool: armlink [4d35ed]

==============================================================================

Section Cross References

    startup.o(STACK) refers (Special) to heapauxi.o(.text) for __use_two_region_memory
    startup.o(HEAP) refers (Special) to heapauxi.o(.text) for __use_two_region_memory
    startup.o(RESET) refers (Special) to heapauxi.o(.text) for __use_two_region_memory
    startup.o(RESET) refers to startup.o(STACK) for Stack_Top
    startup.o(RESET) refers to __main.o(!!!main) for __main
    startup.o(.text) refers (Special) to heapauxi.o(.text) for __use_two_region_memory
    startup.o(.text) refers to startup.o(HEAP) for Heap_Mem
    startup.o(.text) refers to startup.o(STACK) for Stack_Mem
    main.o(i.EXTI1_CallBack) refers to _printf_percent.o(.ARM.Collect$$_printf_percent$$00000000) for _printf_percent
    main.o(i.EXTI1_CallBack) refers to _printf_d.o(.ARM.Collect$$_printf_percent$$00000009) for _printf_d
    main.o(i.EXTI1_CallBack) refers to _printf_dec.o(.text) for _printf_int_dec
    main.o(i.EXTI1_CallBack) refers to lpc213x_lib.o(i.EXTI_ClearITPendingBit) for EXTI_ClearITPendingBit
    main.o(i.EXTI1_CallBack) refers to rt_memclr_w.o(.text) for __aeabi_memclr4
    main.o(i.EXTI1_CallBack) refers to noretval__2sprintf.o(.text) for __2sprintf
    main.o(i.EXTI1_CallBack) refers to lpc213x_lib.o(i.UART_SendData) for UART_SendData
    main.o(i.EXTI1_CallBack) refers to main.o(.data) for style
    main.o(i.EXTI2_CallBack) refers to _printf_percent.o(.ARM.Collect$$_printf_percent$$00000000) for _printf_percent
    main.o(i.EXTI2_CallBack) refers to _printf_d.o(.ARM.Collect$$_printf_percent$$00000009) for _printf_d
    main.o(i.EXTI2_CallBack) refers to _printf_dec.o(.text) for _printf_int_dec
    main.o(i.EXTI2_CallBack) refers to lpc213x_lib.o(i.EXTI_ClearITPendingBit) for EXTI_ClearITPendingBit
    main.o(i.EXTI2_CallBack) refers to rt_memclr_w.o(.text) for __aeabi_memclr4
    main.o(i.EXTI2_CallBack) refers to noretval__2sprintf.o(.text) for __2sprintf
    main.o(i.EXTI2_CallBack) refers to lpc213x_lib.o(i.UART_SendData) for UART_SendData
    main.o(i.EXTI2_CallBack) refers to main.o(.data) for style
    main.o(i.UART0_CallBack) refers to _printf_percent.o(.ARM.Collect$$_printf_percent$$00000000) for _printf_percent
    main.o(i.UART0_CallBack) refers to _printf_d.o(.ARM.Collect$$_printf_percent$$00000009) for _printf_d
    main.o(i.UART0_CallBack) refers to _printf_dec.o(.text) for _printf_int_dec
    main.o(i.UART0_CallBack) refers to lpc213x_lib.o(i.UART_GetITStatus) for UART_GetITStatus
    main.o(i.UART0_CallBack) refers to lpc213x_lib.o(i.UART_ReceiveData) for UART_ReceiveData
    main.o(i.UART0_CallBack) refers to rt_memclr_w.o(.text) for __aeabi_memclr4
    main.o(i.UART0_CallBack) refers to noretval__2sprintf.o(.text) for __2sprintf
    main.o(i.UART0_CallBack) refers to lpc213x_lib.o(i.UART_SendData) for UART_SendData
    main.o(i.UART0_CallBack) refers to main.o(.data) for style
    main.o(i.main) refers to lpc213x_lib.o(i.GPIO_Init) for GPIO_Init
    main.o(i.main) refers to lpc213x_lib.o(i.UART_Init) for UART_Init
    main.o(i.main) refers to lpc213x_lib.o(i.UART_Cmd) for UART_Cmd
    main.o(i.main) refers to lpc213x_lib.o(i.UART_ITConfig) for UART_ITConfig
    main.o(i.main) refers to lpc213x_lib.o(i.VIC_Init) for VIC_Init
    main.o(i.main) refers to lpc213x_lib.o(i.EXTI_Init) for EXTI_Init
    main.o(i.main) refers to rt_memcpy_w.o(.text) for __aeabi_memcpy4
    main.o(i.main) refers to lpc213x_lib.o(i.UART_SendData) for UART_SendData
    main.o(i.main) refers to aeabi_sdiv.o(.text_udiv) for __aeabi_uidivmod
    main.o(i.main) refers to lpc213x_lib.o(i.GPIO_WritePin) for GPIO_WritePin
    main.o(i.main) refers to lpc213x_lib.o(i.delay) for delay
    main.o(i.main) refers to main.o(i.EXTI1_CallBack) for EXTI1_CallBack
    main.o(i.main) refers to main.o(i.EXTI2_CallBack) for EXTI2_CallBack
    main.o(i.main) refers to main.o(i.UART0_CallBack) for UART0_CallBack
    main.o(i.main) refers to main.o(.data) for style
    lpc213x_lib.o(i.PWM_BaseInit) refers to lpc213x_lib.o(.data) for PWM
    lpc213x_lib.o(i.PWM_Cmd) refers to lpc213x_lib.o(.data) for PWM
    lpc213x_lib.o(i.PWM_SetCompare) refers to lpc213x_lib.o(.data) for PWM
    lpc213x_lib.o(i.PWM_SetMode) refers to lpc213x_lib.o(.data) for PWM
    lpc213x_lib.o(i.PWM_Start) refers to lpc213x_lib.o(.data) for PWM
    lpc213x_lib.o(i.PWM_Stop) refers to lpc213x_lib.o(.data) for PWM
    lpc213x_lib.o(i.RTC_ClearITPendingBit) refers to lpc213x_lib.o(.data) for RTC
    lpc213x_lib.o(i.RTC_Cmd) refers to lpc213x_lib.o(.data) for RTC
    lpc213x_lib.o(i.RTC_GetDate) refers to lpc213x_lib.o(.data) for RTC
    lpc213x_lib.o(i.RTC_GetITStatus) refers to lpc213x_lib.o(.data) for RTC
    lpc213x_lib.o(i.RTC_GetTime) refers to lpc213x_lib.o(.data) for RTC
    lpc213x_lib.o(i.RTC_ITConfig) refers to lpc213x_lib.o(.data) for RTC
    lpc213x_lib.o(i.RTC_Init) refers to lpc213x_lib.o(.data) for RTC
    lpc213x_lib.o(i.RTC_SetDate) refers to rt_memcpy_w.o(.text) for __aeabi_memcpy4
    lpc213x_lib.o(i.RTC_SetDate) refers to aeabi_sdiv.o(.text) for __aeabi_idivmod
    lpc213x_lib.o(i.RTC_SetDate) refers to lpc213x_lib.o(.constdata) for .constdata
    lpc213x_lib.o(i.RTC_SetDate) refers to lpc213x_lib.o(.data) for RTC
    lpc213x_lib.o(i.RTC_SetTime) refers to lpc213x_lib.o(.data) for RTC
    lpc213x_lib.o(i.SPI_Init) refers to aeabi_sdiv.o(.text_udiv) for __aeabi_uidivmod
    lpc213x_lib.o(i.UART_Init) refers to aeabi_sdiv.o(.text_udiv) for __aeabi_uidivmod
    lpc213x_lib.o(i.WDG_Enable) refers to lpc213x_lib.o(.data) for WDG
    lpc213x_lib.o(i.WDG_Feed) refers to lpc213x_lib.o(.data) for WDG
    lpc213x_lib.o(i.WDG_Init) refers to lpc213x_lib.o(.data) for WDG
    __2sprintf.o(.text) refers to _printf_char_common.o(.text) for _printf_char_common
    __2sprintf.o(.text) refers to _sputc.o(.text) for _sputc
    noretval__2sprintf.o(.text) refers to _printf_char_common.o(.text) for _printf_char_common
    noretval__2sprintf.o(.text) refers to _sputc.o(.text) for _sputc
    __printf.o(.text) refers to __printf.o(i.__ARM_common_call_via_r1) for __ARM_common_call_via_r1
    __printf.o(.text) refers to _printf_percent.o(.ARM.Collect$$_printf_percent$$00000000) for _printf_percent
    __printf.o(.text) refers to __printf.o(i.__ARM_common_call_via_r2) for __ARM_common_call_via_r2
    _printf_dec.o(.text) refers to rtudiv10.o(.text) for __rt_udiv10
    _printf_dec.o(.text) refers to _printf_intcommon.o(.text) for _printf_int_common
    __printf_flags.o(.text) refers to __printf.o(i.__ARM_common_call_via_r1) for __ARM_common_call_via_r1
    __printf_flags.o(.text) refers to _printf_percent.o(.ARM.Collect$$_printf_percent$$00000000) for _printf_percent
    __printf_flags.o(.text) refers to __printf.o(i.__ARM_common_call_via_r2) for __ARM_common_call_via_r2
    __printf_flags.o(.text) refers to __printf_flags.o(.constdata) for .constdata
    __printf_ss.o(.text) refers to __printf.o(i.__ARM_common_call_via_r1) for __ARM_common_call_via_r1
    __printf_ss.o(.text) refers to _printf_percent.o(.ARM.Collect$$_printf_percent$$00000000) for _printf_percent
    __printf_ss.o(.text) refers to __printf.o(i.__ARM_common_call_via_r2) for __ARM_common_call_via_r2
    __printf_flags_ss.o(.text) refers to __printf.o(i.__ARM_common_call_via_r1) for __ARM_common_call_via_r1
    __printf_flags_ss.o(.text) refers to _printf_percent.o(.ARM.Collect$$_printf_percent$$00000000) for _printf_percent
    __printf_flags_ss.o(.text) refers to __printf.o(i.__ARM_common_call_via_r2) for __ARM_common_call_via_r2
    __printf_flags_ss.o(.text) refers to __printf_flags_ss.o(.constdata) for .constdata
    __printf_wp.o(.text) refers to __printf.o(i.__ARM_common_call_via_r1) for __ARM_common_call_via_r1
    __printf_wp.o(.text) refers to __printf_wp.o(i._is_digit) for _is_digit
    __printf_wp.o(.text) refers to _printf_percent.o(.ARM.Collect$$_printf_percent$$00000000) for _printf_percent
    __printf_wp.o(.text) refers to __printf.o(i.__ARM_common_call_via_r2) for __ARM_common_call_via_r2
    __printf_flags_wp.o(.text) refers to __printf.o(i.__ARM_common_call_via_r1) for __ARM_common_call_via_r1
    __printf_flags_wp.o(.text) refers to __printf_wp.o(i._is_digit) for _is_digit
    __printf_flags_wp.o(.text) refers to _printf_percent.o(.ARM.Collect$$_printf_percent$$00000000) for _printf_percent
    __printf_flags_wp.o(.text) refers to __printf.o(i.__ARM_common_call_via_r2) for __ARM_common_call_via_r2
    __printf_flags_wp.o(.text) refers to __printf_flags_wp.o(.constdata) for .constdata
    __printf_ss_wp.o(.text) refers to __printf.o(i.__ARM_common_call_via_r1) for __ARM_common_call_via_r1
    __printf_ss_wp.o(.text) refers to __printf_wp.o(i._is_digit) for _is_digit
    __printf_ss_wp.o(.text) refers to _printf_percent.o(.ARM.Collect$$_printf_percent$$00000000) for _printf_percent
    __printf_ss_wp.o(.text) refers to __printf.o(i.__ARM_common_call_via_r2) for __ARM_common_call_via_r2
    __printf_flags_ss_wp.o(.text) refers to __printf.o(i.__ARM_common_call_via_r1) for __ARM_common_call_via_r1
    __printf_flags_ss_wp.o(.text) refers to __printf_wp.o(i._is_digit) for _is_digit
    __printf_flags_ss_wp.o(.text) refers to _printf_percent.o(.ARM.Collect$$_printf_percent$$00000000) for _printf_percent
    __printf_flags_ss_wp.o(.text) refers to __printf.o(i.__ARM_common_call_via_r2) for __ARM_common_call_via_r2
    __printf_flags_ss_wp.o(.text) refers to __printf_flags_ss_wp.o(.constdata) for .constdata
    _printf_d.o(.ARM.Collect$$_printf_percent$$00000009) refers (Weak) to _printf_dec.o(.text) for _printf_int_dec
    _printf_percent.o(.ARM.Collect$$_printf_percent$$00000000) refers (Special) to _printf_percent_end.o(.ARM.Collect$$_printf_percent$$00000017) for _printf_percent_end
    aeabi_sdiv.o(.text_udiv) refers to aeabi_sdiv.o(.text) for __arm_div2
    aeabi_sdiv_div0.o(.text_udiv) refers to aeabi_sdiv_div0.o(.text) for __arm_div2
    __main.o(!!!main) refers to __rtentry.o(.ARM.Collect$$rtentry$$00000000) for __rt_entry
    __rtentry.o(.ARM.Collect$$rtentry$$00000000) refers (Special) to __rtentry2.o(.ARM.Collect$$rtentry$$0000000A) for __rt_entry_li
    __rtentry.o(.ARM.Collect$$rtentry$$00000000) refers (Special) to __rtentry2.o(.ARM.Collect$$rtentry$$0000000D) for __rt_entry_main
    __rtentry.o(.ARM.Collect$$rtentry$$00000000) refers (Special) to __rtentry2.o(.ARM.Collect$$rtentry$$0000000C) for __rt_entry_postli_1
    __rtentry.o(.ARM.Collect$$rtentry$$00000000) refers (Special) to __rtentry2.o(.ARM.Collect$$rtentry$$00000009) for __rt_entry_postsh_1
    __rtentry.o(.ARM.Collect$$rtentry$$00000000) refers (Special) to __rtentry2.o(.ARM.Collect$$rtentry$$00000002) for __rt_entry_presh_1
    __rtentry.o(.ARM.Collect$$rtentry$$00000000) refers (Special) to __rtentry4.o(.ARM.Collect$$rtentry$$00000004) for __rt_entry_sh
    aeabi_idiv0_sigfpe.o(.text) refers to rt_div0.o(.text) for __rt_div0
    _printf_intcommon.o(.text) refers to __printf.o(i.__ARM_common_call_via_r2) for __ARM_common_call_via_r2
    _printf_char_common.o(.text) refers to __printf.o(.text) for __printf
    __rtentry2.o(.ARM.Collect$$rtentry$$00000008) refers to boardinit2.o(.text) for _platform_post_stackheap_init
    __rtentry2.o(.ARM.Collect$$rtentry$$0000000A) refers to libinit.o(.ARM.Collect$$libinit$$00000000) for __rt_lib_init
    __rtentry2.o(.ARM.Collect$$rtentry$$0000000B) refers to boardinit3.o(.text) for _platform_post_lib_init
    __rtentry2.o(.ARM.Collect$$rtentry$$0000000D) refers to exit.o(.text) for exit
    __rtentry2.o(.ARM.Collect$$rtentry$$0000000D) refers to main.o(i.main) for main
    __rtentry2.o(.ARM.exidx) refers to __rtentry2.o(.ARM.Collect$$rtentry$$00000001) for .ARM.Collect$$rtentry$$00000001
    __rtentry2.o(.ARM.exidx) refers to __rtentry2.o(.ARM.Collect$$rtentry$$00000008) for .ARM.Collect$$rtentry$$00000008
    __rtentry2.o(.ARM.exidx) refers to __rtentry2.o(.ARM.Collect$$rtentry$$0000000A) for .ARM.Collect$$rtentry$$0000000A
    __rtentry2.o(.ARM.exidx) refers to __rtentry2.o(.ARM.Collect$$rtentry$$0000000B) for .ARM.Collect$$rtentry$$0000000B
    __rtentry2.o(.ARM.exidx) refers to __rtentry2.o(.ARM.Collect$$rtentry$$0000000D) for .ARM.Collect$$rtentry$$0000000D
    __rtentry4.o(.ARM.Collect$$rtentry$$00000004) refers to sys_stackheap_outer.o(.text) for __user_setup_stackheap
    __rtentry4.o(.ARM.exidx) refers to __rtentry4.o(.ARM.Collect$$rtentry$$00000004) for .ARM.Collect$$rtentry$$00000004
    rt_div0.o(.text) refers to defsig_fpe_outer.o(.text) for __rt_SIGFPE
    __printf_nopercent.o(.text) refers to __printf_nopercent.o(i.__ARM_common_call_via_r7) for __ARM_common_call_via_r7
    __printf_nopercent.o(.text) refers to __printf_nopercent.o(i.__ARM_common_call_via_r5) for __ARM_common_call_via_r5
    sys_stackheap_outer.o(.text) refers to libspace.o(.text) for __user_perproc_libspace
    sys_stackheap_outer.o(.text) refers to startup.o(.text) for __user_initial_stackheap
    exit.o(.text) refers to rtexit.o(.ARM.Collect$$rtexit$$00000000) for __rt_exit
    defsig_fpe_outer.o(.text) refers to defsig_fpe_inner.o(.text) for __rt_SIGFPE_inner
    defsig_fpe_outer.o(.text) refers to defsig_exit.o(.text) for __sig_exit
    defsig_fpe_formal.o(.text) refers to rt_raise.o(.text) for __rt_raise
    libinit.o(.ARM.Collect$$libinit$$00000000) refers (Special) to libinit2.o(.ARM.Collect$$libinit$$0000002E) for __rt_lib_init_alloca_1
    libinit.o(.ARM.Collect$$libinit$$00000000) refers (Special) to libinit2.o(.ARM.Collect$$libinit$$0000002C) for __rt_lib_init_argv_1
    libinit.o(.ARM.Collect$$libinit$$00000000) refers (Special) to libinit2.o(.ARM.Collect$$libinit$$0000001B) for __rt_lib_init_atexit_1
    libinit.o(.ARM.Collect$$libinit$$00000000) refers (Special) to libinit2.o(.ARM.Collect$$libinit$$00000021) for __rt_lib_init_clock_1
    libinit.o(.ARM.Collect$$libinit$$00000000) refers (Special) to libinit2.o(.ARM.Collect$$libinit$$00000032) for __rt_lib_init_cpp_1
    libinit.o(.ARM.Collect$$libinit$$00000000) refers (Special) to libinit2.o(.ARM.Collect$$libinit$$00000030) for __rt_lib_init_exceptions_1
    libinit.o(.ARM.Collect$$libinit$$00000000) refers (Special) to libinit2.o(.ARM.Collect$$libinit$$00000002) for __rt_lib_init_fp_1
    libinit.o(.ARM.Collect$$libinit$$00000000) refers (Special) to libinit2.o(.ARM.Collect$$libinit$$0000001F) for __rt_lib_init_fp_trap_1
    libinit.o(.ARM.Collect$$libinit$$00000000) refers (Special) to libinit2.o(.ARM.Collect$$libinit$$00000023) for __rt_lib_init_getenv_1
    libinit.o(.ARM.Collect$$libinit$$00000000) refers (Special) to libinit2.o(.ARM.Collect$$libinit$$0000000A) for __rt_lib_init_heap_1
    libinit.o(.ARM.Collect$$libinit$$00000000) refers (Special) to libinit2.o(.ARM.Collect$$libinit$$00000011) for __rt_lib_init_lc_collate_1
    libinit.o(.ARM.Collect$$libinit$$00000000) refers (Special) to libinit2.o(.ARM.Collect$$libinit$$00000013) for __rt_lib_init_lc_ctype_1
    libinit.o(.ARM.Collect$$libinit$$00000000) refers (Special) to libinit2.o(.ARM.Collect$$libinit$$00000015) for __rt_lib_init_lc_monetary_1
    libinit.o(.ARM.Collect$$libinit$$00000000) refers (Special) to libinit2.o(.ARM.Collect$$libinit$$00000017) for __rt_lib_init_lc_numeric_1
    libinit.o(.ARM.Collect$$libinit$$00000000) refers (Special) to libinit2.o(.ARM.Collect$$libinit$$00000019) for __rt_lib_init_lc_time_1
    libinit.o(.ARM.Collect$$libinit$$00000000) refers (Special) to libinit2.o(.ARM.Collect$$libinit$$00000004) for __rt_lib_init_preinit_1
    libinit.o(.ARM.Collect$$libinit$$00000000) refers (Special) to libinit2.o(.ARM.Collect$$libinit$$0000000E) for __rt_lib_init_rand_1
    libinit.o(.ARM.Collect$$libinit$$00000000) refers (Special) to libinit2.o(.ARM.Collect$$libinit$$00000033) for __rt_lib_init_return
    libinit.o(.ARM.Collect$$libinit$$00000000) refers (Special) to libinit2.o(.ARM.Collect$$libinit$$0000001D) for __rt_lib_init_signal_1
    libinit.o(.ARM.Collect$$libinit$$00000000) refers (Special) to libinit2.o(.ARM.Collect$$libinit$$00000025) for __rt_lib_init_stdio_1
    libinit.o(.ARM.Collect$$libinit$$00000000) refers (Special) to libinit2.o(.ARM.Collect$$libinit$$0000000C) for __rt_lib_init_user_alloc_1
    libspace.o(.text) refers to libspace.o(.bss) for __libspace_start
    rtexit.o(.ARM.Collect$$rtexit$$00000000) refers (Special) to rtexit2.o(.ARM.Collect$$rtexit$$00000004) for __rt_exit_exit
    rtexit.o(.ARM.Collect$$rtexit$$00000000) refers (Special) to rtexit2.o(.ARM.Collect$$rtexit$$00000003) for __rt_exit_ls
    rtexit.o(.ARM.Collect$$rtexit$$00000000) refers (Special) to rtexit2.o(.ARM.Collect$$rtexit$$00000002) for __rt_exit_prels_1
    rtexit.o(.ARM.exidx) refers (Special) to rtexit2.o(.ARM.Collect$$rtexit$$00000004) for __rt_exit_exit
    rtexit.o(.ARM.exidx) refers (Special) to rtexit2.o(.ARM.Collect$$rtexit$$00000003) for __rt_exit_ls
    rtexit.o(.ARM.exidx) refers (Special) to rtexit2.o(.ARM.Collect$$rtexit$$00000002) for __rt_exit_prels_1
    rtexit.o(.ARM.exidx) refers to rtexit.o(.ARM.Collect$$rtexit$$00000000) for .ARM.Collect$$rtexit$$00000000
    rt_raise.o(.text) refers to __raise.o(.text) for __raise
    rt_raise.o(.text) refers to sys_exit.o(.text) for _sys_exit
    defsig_exit.o(.text) refers to sys_exit.o(.text) for _sys_exit
    defsig_fpe_inner.o(.text) refers to defsig_general.o(.text) for __default_signal_display
    libinit2.o(.ARM.Collect$$libinit$$00000001) refers to fpinit.o(x$fpl$fpinit) for _fp_init
    libinit2.o(.ARM.Collect$$libinit$$00000010) refers to libinit2.o(.ARM.Collect$$libinit$$0000000F) for .ARM.Collect$$libinit$$0000000F
    libinit2.o(.ARM.Collect$$libinit$$00000012) refers to libinit2.o(.ARM.Collect$$libinit$$0000000F) for .ARM.Collect$$libinit$$0000000F
    libinit2.o(.ARM.Collect$$libinit$$00000014) refers to libinit2.o(.ARM.Collect$$libinit$$0000000F) for .ARM.Collect$$libinit$$0000000F
    libinit2.o(.ARM.Collect$$libinit$$00000016) refers to libinit2.o(.ARM.Collect$$libinit$$0000000F) for .ARM.Collect$$libinit$$0000000F
    libinit2.o(.ARM.Collect$$libinit$$00000018) refers to libinit2.o(.ARM.Collect$$libinit$$0000000F) for .ARM.Collect$$libinit$$0000000F
    libinit2.o(.ARM.Collect$$libinit$$00000026) refers to argv_veneer.o(.emb_text) for __ARM_argv_veneer
    libinit2.o(.ARM.Collect$$libinit$$00000027) refers to argv_veneer.o(.emb_text) for __ARM_argv_veneer
    sys_exit.o(.text) refers (Special) to use_no_semi.o(.text) for __I$use$semihosting
    sys_exit.o(.text) refers (Special) to indicate_semi.o(.text) for __semihosting_library_function
    rtexit2.o(.ARM.Collect$$rtexit$$00000003) refers to libshutdown.o(.ARM.Collect$$libshutdown$$00000000) for __rt_lib_shutdown
    rtexit2.o(.ARM.Collect$$rtexit$$00000004) refers to sys_exit.o(.text) for _sys_exit
    rtexit2.o(.ARM.exidx) refers to rtexit2.o(.ARM.Collect$$rtexit$$00000001) for .ARM.Collect$$rtexit$$00000001
    rtexit2.o(.ARM.exidx) refers to rtexit2.o(.ARM.Collect$$rtexit$$00000003) for .ARM.Collect$$rtexit$$00000003
    rtexit2.o(.ARM.exidx) refers to rtexit2.o(.ARM.Collect$$rtexit$$00000004) for .ARM.Collect$$rtexit$$00000004
    __raise.o(.text) refers to __printf.o(i.__ARM_common_call_via_r2) for __ARM_common_call_via_r2
    __raise.o(.text) refers to defsig.o(CL$$defsig) for __default_signal_handler
    defsig_general.o(.text) refers to sys_wrch.o(.text) for _ttywrch
    argv_veneer.o(.emb_text) refers to no_argv.o(.text) for __ARM_get_argv
    sys_wrch.o(.text) refers (Special) to use_no_semi.o(.text) for __I$use$semihosting
    sys_wrch.o(.text) refers (Special) to indicate_semi.o(.text) for __semihosting_library_function
    defsig.o(CL$$defsig) refers to defsig_fpe_inner.o(.text) for __rt_SIGFPE_inner
    defsig.o(CL$$defsig) refers to defsig_rtmem_inner.o(.text) for __rt_SIGRTMEM_inner
    _get_argv_nomalloc.o(.text) refers (Special) to hrguard.o(.text) for __heap_region$guard
    _get_argv_nomalloc.o(.text) refers to defsig_rtmem_outer.o(.text) for __rt_SIGRTMEM
    _get_argv_nomalloc.o(.text) refers to sys_command.o(.text) for _sys_command_string
    libshutdown.o(.ARM.Collect$$libshutdown$$00000000) refers (Special) to libshutdown2.o(.ARM.Collect$$libshutdown$$00000002) for __rt_lib_shutdown_cpp_1
    libshutdown.o(.ARM.Collect$$libshutdown$$00000000) refers (Special) to libshutdown2.o(.ARM.Collect$$libshutdown$$00000007) for __rt_lib_shutdown_fp_trap_1
    libshutdown.o(.ARM.Collect$$libshutdown$$00000000) refers (Special) to libshutdown2.o(.ARM.Collect$$libshutdown$$0000000F) for __rt_lib_shutdown_heap_1
    libshutdown.o(.ARM.Collect$$libshutdown$$00000000) refers (Special) to libshutdown2.o(.ARM.Collect$$libshutdown$$00000010) for __rt_lib_shutdown_return
    libshutdown.o(.ARM.Collect$$libshutdown$$00000000) refers (Special) to libshutdown2.o(.ARM.Collect$$libshutdown$$0000000A) for __rt_lib_shutdown_signal_1
    libshutdown.o(.ARM.Collect$$libshutdown$$00000000) refers (Special) to libshutdown2.o(.ARM.Collect$$libshutdown$$00000004) for __rt_lib_shutdown_stdio_1
    libshutdown.o(.ARM.Collect$$libshutdown$$00000000) refers (Special) to libshutdown2.o(.ARM.Collect$$libshutdown$$0000000C) for __rt_lib_shutdown_user_alloc_1
    sys_command.o(.text) refers (Special) to use_no_semi.o(.text) for __I$use$semihosting
    sys_command.o(.text) refers (Special) to indicate_semi.o(.text) for __semihosting_library_function
    defsig_abrt_inner.o(.text) refers to defsig_general.o(.text) for __default_signal_display
    defsig_rtred_inner.o(.text) refers to defsig_general.o(.text) for __default_signal_display
    defsig_rtmem_inner.o(.text) refers to defsig_general.o(.text) for __default_signal_display
    defsig_rtmem_outer.o(.text) refers to defsig_rtmem_inner.o(.text) for __rt_SIGRTMEM_inner
    defsig_rtmem_outer.o(.text) refers to defsig_exit.o(.text) for __sig_exit
    defsig_rtmem_formal.o(.text) refers to rt_raise.o(.text) for __rt_raise
    defsig_stak_inner.o(.text) refers to defsig_general.o(.text) for __default_signal_display
    defsig_pvfn_inner.o(.text) refers to defsig_general.o(.text) for __default_signal_display
    defsig_cppl_inner.o(.text) refers to defsig_general.o(.text) for __default_signal_display
    defsig_segv_inner.o(.text) refers to defsig_general.o(.text) for __default_signal_display
    defsig_other.o(.text) refers to defsig_general.o(.text) for __default_signal_display


==============================================================================

Removing Unused input sections from the image.

    Removing lpc213x_lib.o(i.ADC_GetDualModeConversionValue), (24 bytes).
    Removing lpc213x_lib.o(i.ADC_GetSoftwareStartConvStatus), (16 bytes).
    Removing lpc213x_lib.o(i.ADC_Init), (116 bytes).
    Removing lpc213x_lib.o(i.ADC_SoftwareStartConvCmd), (912 bytes).
    Removing lpc213x_lib.o(i.EXTI_Cmd), (48 bytes).
    Removing lpc213x_lib.o(i.GPIO_ReadPin), (36 bytes).
    Removing lpc213x_lib.o(i.GPIO_TogglePin), (28 bytes).
    Removing lpc213x_lib.o(i.PWM_BaseInit), (116 bytes).
    Removing lpc213x_lib.o(i.PWM_Cmd), (68 bytes).
    Removing lpc213x_lib.o(i.PWM_SetCompare), (212 bytes).
    Removing lpc213x_lib.o(i.PWM_SetMode), (68 bytes).
    Removing lpc213x_lib.o(i.PWM_Start), (376 bytes).
    Removing lpc213x_lib.o(i.PWM_Stop), (36 bytes).
    Removing lpc213x_lib.o(i.RTC_ClearITPendingBit), (20 bytes).
    Removing lpc213x_lib.o(i.RTC_Cmd), (52 bytes).
    Removing lpc213x_lib.o(i.RTC_GetDate), (108 bytes).
    Removing lpc213x_lib.o(i.RTC_GetITStatus), (48 bytes).
    Removing lpc213x_lib.o(i.RTC_GetTime), (76 bytes).
    Removing lpc213x_lib.o(i.RTC_ITConfig), (160 bytes).
    Removing lpc213x_lib.o(i.RTC_Init), (112 bytes).
    Removing lpc213x_lib.o(i.RTC_SetDate), (232 bytes).
    Removing lpc213x_lib.o(i.RTC_SetTime), (56 bytes).
    Removing lpc213x_lib.o(i.SPI_ClearITPendingBit), (12 bytes).
    Removing lpc213x_lib.o(i.SPI_GetStatus), (36 bytes).
    Removing lpc213x_lib.o(i.SPI_Init), (136 bytes).
    Removing lpc213x_lib.o(i.SPI_ReadByte), (36 bytes).
    Removing lpc213x_lib.o(i.SPI_WriteByte), (28 bytes).
    Removing lpc213x_lib.o(i.TIM_BaseInit), (20 bytes).
    Removing lpc213x_lib.o(i.TIM_ClearITPendingBit), (16 bytes).
    Removing lpc213x_lib.o(i.TIM_Cmd), (40 bytes).
    Removing lpc213x_lib.o(i.TIM_GetITStatus), (40 bytes).
    Removing lpc213x_lib.o(i.TIM_MCInit), (140 bytes).
    Removing lpc213x_lib.o(i.WDG_Enable), (40 bytes).
    Removing lpc213x_lib.o(i.WDG_Feed), (40 bytes).
    Removing lpc213x_lib.o(i.WDG_Init), (40 bytes).
    Removing lpc213x_lib.o(.constdata), (52 bytes).
    Removing lpc213x_lib.o(.data), (12 bytes).

37 unused section(s) (total 3608 bytes) removed from the image.

==============================================================================

Adding Veneers to the image

    Adding TA veneer (4 bytes, Inline) for call to '_printf_percent' from __printf.o(.text).
    Adding AT veneer (8 bytes, Inline) for call to '__rt_lib_init' from __rtentry2.o(.ARM.Collect$$rtentry$$0000000A).
    Adding AT veneer (8 bytes, Inline) for call to '__rt_lib_shutdown' from rtexit2.o(.ARM.Collect$$rtexit$$00000003).
    Adding TA veneer (4 bytes, Inline) for call to '__rt_exit' from exit.o(.text).
    Adding AT veneer (8 bytes, Inline) for call to '__2sprintf' from main.o(i.EXTI1_CallBack).
    Adding AT veneer (8 bytes, Inline) for call to '_printf_int_dec' from _printf_d.o(.ARM.Collect$$_printf_percent$$00000009).
    Adding TA veneer (4 bytes, Inline) for call to '__rt_udiv10' from _printf_dec.o(.text).
    Adding AT veneer (8 bytes, Inline) for call to '_sys_exit' from rtexit2.o(.ARM.Collect$$rtexit$$00000004).

8 Veneer(s) (total 52 bytes) added to the image.

==============================================================================

Image Symbol Table

    Local Symbols

    Symbol Name                              Value     Ov Type        Size  Object(Section)

    RESET                                    0x00000000   Section      288  startup.o(RESET)
    ../clib/angel/boardlib.s                 0x00000000   Number         0  boardinit3.o ABSOLUTE
    ../clib/angel/boardlib.s                 0x00000000   Number         0  boardinit2.o ABSOLUTE
    ../clib/angel/boardlib.s                 0x00000000   Number         0  boardinit1.o ABSOLUTE
    ../clib/angel/boardlib.s                 0x00000000   Number         0  boardshut.o ABSOLUTE
    ../clib/angel/handlers.s                 0x00000000   Number         0  __scatter_zi.o ABSOLUTE
    ../clib/angel/handlers.s                 0x00000000   Number         0  __scatter_copy.o ABSOLUTE
    ../clib/angel/kernel.s                   0x00000000   Number         0  __rtentry2.o ABSOLUTE
    ../clib/angel/kernel.s                   0x00000000   Number         0  rtexit.o ABSOLUTE
    ../clib/angel/kernel.s                   0x00000000   Number         0  __rtentry.o ABSOLUTE
    ../clib/angel/kernel.s                   0x00000000   Number         0  __rtentry4.o ABSOLUTE
    ../clib/angel/kernel.s                   0x00000000   Number         0  rtexit2.o ABSOLUTE
    ../clib/angel/rt.s                       0x00000000   Number         0  rt_div0.o ABSOLUTE
    ../clib/angel/rt.s                       0x00000000   Number         0  aeabi_idiv0_sigfpe.o ABSOLUTE
    ../clib/angel/rt.s                       0x00000000   Number         0  aeabi_idiv0.o ABSOLUTE
    ../clib/angel/rt.s                       0x00000000   Number         0  rt_raise.o ABSOLUTE
    ../clib/angel/scatter.s                  0x00000000   Number         0  __scatter.o ABSOLUTE
    ../clib/angel/startup.s                  0x00000000   Number         0  __main.o ABSOLUTE
    ../clib/angel/sys.s                      0x00000000   Number         0  libspace.o ABSOLUTE
    ../clib/angel/sys.s                      0x00000000   Number         0  indicate_semi.o ABSOLUTE
    ../clib/angel/sys.s                      0x00000000   Number         0  sys_stackheap_outer.o ABSOLUTE
    ../clib/angel/sys.s                      0x00000000   Number         0  use_no_semi.o ABSOLUTE
    ../clib/angel/sysapp.c                   0x00000000   Number         0  sys_wrch.o ABSOLUTE
    ../clib/angel/sysapp.c                   0x00000000   Number         0  sys_exit.o ABSOLUTE
    ../clib/angel/sysapp.c                   0x00000000   Number         0  sys_command.o ABSOLUTE
    ../clib/armsys.c                         0x00000000   Number         0  no_argv.o ABSOLUTE
    ../clib/armsys.c                         0x00000000   Number         0  argv_veneer.o ABSOLUTE
    ../clib/armsys.c                         0x00000000   Number         0  _get_argv_nomalloc.o ABSOLUTE
    ../clib/armsys.c                         0x00000000   Number         0  argv_veneer.o ABSOLUTE
    ../clib/division.s                       0x00000000   Number         0  aeabi_sdiv_div0.o ABSOLUTE
    ../clib/division.s                       0x00000000   Number         0  rtudiv10.o ABSOLUTE
    ../clib/division.s                       0x00000000   Number         0  aeabi_sdiv.o ABSOLUTE
    ../clib/divrt.s                          0x00000000   Number         0  divrt_7tdmi.o ABSOLUTE
    ../clib/divrt.s                          0x00000000   Number         0  divrt_7tdmi_div0.o ABSOLUTE
    ../clib/heapalloc.c                      0x00000000   Number         0  hrguard.o ABSOLUTE
    ../clib/heapaux.c                        0x00000000   Number         0  heapauxi.o ABSOLUTE
    ../clib/libinit.s                        0x00000000   Number         0  libinit.o ABSOLUTE
    ../clib/libinit.s                        0x00000000   Number         0  libshutdown.o ABSOLUTE
    ../clib/libinit.s                        0x00000000   Number         0  libinit2.o ABSOLUTE
    ../clib/libinit.s                        0x00000000   Number         0  libshutdown2.o ABSOLUTE
    ../clib/memcpset.s                       0x00000000   Number         0  rt_memcpy_w.o ABSOLUTE
    ../clib/memcpset.s                       0x00000000   Number         0  rt_memclr_w.o ABSOLUTE
    ../clib/printf.c                         0x00000000   Number         0  _sputc.o ABSOLUTE
    ../clib/printf.c                         0x00000000   Number         0  __printf_flags_wp.o ABSOLUTE
    ../clib/printf.c                         0x00000000   Number         0  __printf_ss_wp.o ABSOLUTE
    ../clib/printf.c                         0x00000000   Number         0  __printf_flags_ss_wp.o ABSOLUTE
    ../clib/printf.c                         0x00000000   Number         0  __printf.o ABSOLUTE
    ../clib/printf.c                         0x00000000   Number         0  noretval__2sprintf.o ABSOLUTE
    ../clib/printf.c                         0x00000000   Number         0  __printf_flags_ss.o ABSOLUTE
    ../clib/printf.c                         0x00000000   Number         0  __2sprintf.o ABSOLUTE
    ../clib/printf.c                         0x00000000   Number         0  _printf_dec.o ABSOLUTE
    ../clib/printf.c                         0x00000000   Number         0  __printf_ss.o ABSOLUTE
    ../clib/printf.c                         0x00000000   Number         0  __printf_wp.o ABSOLUTE
    ../clib/printf.c                         0x00000000   Number         0  __printf_nopercent.o ABSOLUTE
    ../clib/printf.c                         0x00000000   Number         0  __printf_flags.o ABSOLUTE
    ../clib/printf.c                         0x00000000   Number         0  _printf_intcommon.o ABSOLUTE
    ../clib/printf.c                         0x00000000   Number         0  _printf_char_common.o ABSOLUTE
    ../clib/printf_percent.s                 0x00000000   Number         0  _printf_d.o ABSOLUTE
    ../clib/printf_percent.s                 0x00000000   Number         0  _printf_percent.o ABSOLUTE
    ../clib/printf_percent.s                 0x00000000   Number         0  _printf_percent_end.o ABSOLUTE
    ../clib/signal.c                         0x00000000   Number         0  defsig_fpe_inner.o ABSOLUTE
    ../clib/signal.c                         0x00000000   Number         0  defsig_rtmem_formal.o ABSOLUTE
    ../clib/signal.c                         0x00000000   Number         0  defsig_rtmem_outer.o ABSOLUTE
    ../clib/signal.c                         0x00000000   Number         0  defsig_rtmem_inner.o ABSOLUTE
    ../clib/signal.c                         0x00000000   Number         0  defsig_rtred_inner.o ABSOLUTE
    ../clib/signal.c                         0x00000000   Number         0  __raise.o ABSOLUTE
    ../clib/signal.c                         0x00000000   Number         0  defsig_fpe_outer.o ABSOLUTE
    ../clib/signal.c                         0x00000000   Number         0  defsig_fpe_formal.o ABSOLUTE
    ../clib/signal.c                         0x00000000   Number         0  defsig_general.o ABSOLUTE
    ../clib/signal.c                         0x00000000   Number         0  defsig_other.o ABSOLUTE
    ../clib/signal.c                         0x00000000   Number         0  defsig_segv_inner.o ABSOLUTE
    ../clib/signal.c                         0x00000000   Number         0  defsig_cppl_inner.o ABSOLUTE
    ../clib/signal.c                         0x00000000   Number         0  defsig_abrt_inner.o ABSOLUTE
    ../clib/signal.c                         0x00000000   Number         0  defsig_pvfn_inner.o ABSOLUTE
    ../clib/signal.c                         0x00000000   Number         0  defsig_stak_inner.o ABSOLUTE
    ../clib/signal.c                         0x00000000   Number         0  defsig_exit.o ABSOLUTE
    ../clib/signal.s                         0x00000000   Number         0  defsig.o ABSOLUTE
    ../clib/stdlib.c                         0x00000000   Number         0  exit.o ABSOLUTE
    ../fplib/fpinit.s                        0x00000000   Number         0  fpinit.o ABSOLUTE
    ..\Src\LPC213x_LIB.c                     0x00000000   Number         0  lpc213x_lib.o ABSOLUTE
    ..\System\Startup.s                      0x00000000   Number         0  startup.o ABSOLUTE
    ..\User\main.c                           0x00000000   Number         0  main.o ABSOLUTE
    dc.s                                     0x00000000   Number         0  dc.o ABSOLUTE
    Undef_Handler                            0x00000040   ARM Code       4  startup.o(RESET)
    SWI_Handler                              0x00000044   ARM Code       4  startup.o(RESET)
    PAbt_Handler                             0x00000048   ARM Code       4  startup.o(RESET)
    DAbt_Handler                             0x0000004c   ARM Code       4  startup.o(RESET)
    IRQ_Handler                              0x00000050   ARM Code       4  startup.o(RESET)
    FIQ_Handler                              0x00000054   ARM Code       4  startup.o(RESET)
    !!!main                                  0x00000120   Section        8  __main.o(!!!main)
    !!!scatter                               0x00000128   Section       60  __scatter.o(!!!scatter)
    !!handler_copy                           0x00000164   Section       40  __scatter_copy.o(!!handler_copy)
    !!handler_zi                             0x0000018c   Section       44  __scatter_zi.o(!!handler_zi)
    .ARM.Collect$$_printf_percent$$00000000  0x000001bc   Section        0  _printf_percent.o(.ARM.Collect$$_printf_percent$$00000000)
    .ARM.Collect$$_printf_percent$$00000009  0x000001bc   Section        8  _printf_d.o(.ARM.Collect$$_printf_percent$$00000009)
    .ARM.Collect$$_printf_percent$$00000017  0x000001c4   Section        8  _printf_percent_end.o(.ARM.Collect$$_printf_percent$$00000017)
    .ARM.Collect$$libinit$$00000000          0x000001d4   Section        2  libinit.o(.ARM.Collect$$libinit$$00000000)
    .ARM.Collect$$libinit$$00000002          0x000001d6   Section        0  libinit2.o(.ARM.Collect$$libinit$$00000002)
    .ARM.Collect$$libinit$$00000004          0x000001d6   Section        0  libinit2.o(.ARM.Collect$$libinit$$00000004)
    .ARM.Collect$$libinit$$0000000A          0x000001d6   Section        0  libinit2.o(.ARM.Collect$$libinit$$0000000A)
    .ARM.Collect$$libinit$$0000000C          0x000001d6   Section        0  libinit2.o(.ARM.Collect$$libinit$$0000000C)
    .ARM.Collect$$libinit$$0000000E          0x000001d6   Section        0  libinit2.o(.ARM.Collect$$libinit$$0000000E)
    .ARM.Collect$$libinit$$00000011          0x000001d6   Section        0  libinit2.o(.ARM.Collect$$libinit$$00000011)
    .ARM.Collect$$libinit$$00000013          0x000001d6   Section        0  libinit2.o(.ARM.Collect$$libinit$$00000013)
    .ARM.Collect$$libinit$$00000015          0x000001d6   Section        0  libinit2.o(.ARM.Collect$$libinit$$00000015)
    .ARM.Collect$$libinit$$00000017          0x000001d6   Section        0  libinit2.o(.ARM.Collect$$libinit$$00000017)
    .ARM.Collect$$libinit$$00000019          0x000001d6   Section        0  libinit2.o(.ARM.Collect$$libinit$$00000019)
    .ARM.Collect$$libinit$$0000001B          0x000001d6   Section        0  libinit2.o(.ARM.Collect$$libinit$$0000001B)
    .ARM.Collect$$libinit$$0000001D          0x000001d6   Section        0  libinit2.o(.ARM.Collect$$libinit$$0000001D)
    .ARM.Collect$$libinit$$0000001F          0x000001d6   Section        0  libinit2.o(.ARM.Collect$$libinit$$0000001F)
    .ARM.Collect$$libinit$$00000021          0x000001d6   Section        0  libinit2.o(.ARM.Collect$$libinit$$00000021)
    .ARM.Collect$$libinit$$00000023          0x000001d6   Section        0  libinit2.o(.ARM.Collect$$libinit$$00000023)
    .ARM.Collect$$libinit$$00000025          0x000001d6   Section        0  libinit2.o(.ARM.Collect$$libinit$$00000025)
    .ARM.Collect$$libinit$$0000002C          0x000001d6   Section        0  libinit2.o(.ARM.Collect$$libinit$$0000002C)
    .ARM.Collect$$libinit$$0000002E          0x000001d6   Section        0  libinit2.o(.ARM.Collect$$libinit$$0000002E)
    .ARM.Collect$$libinit$$00000030          0x000001d6   Section        0  libinit2.o(.ARM.Collect$$libinit$$00000030)
    .ARM.Collect$$libinit$$00000032          0x000001d6   Section        0  libinit2.o(.ARM.Collect$$libinit$$00000032)
    .ARM.Collect$$libinit$$00000033          0x000001d6   Section       12  libinit2.o(.ARM.Collect$$libinit$$00000033)
    .ARM.Collect$$libshutdown$$00000000      0x000001ec   Section        4  libshutdown.o(.ARM.Collect$$libshutdown$$00000000)
    .ARM.Collect$$libshutdown$$00000002      0x000001f0   Section        0  libshutdown2.o(.ARM.Collect$$libshutdown$$00000002)
    .ARM.Collect$$libshutdown$$00000004      0x000001f0   Section        0  libshutdown2.o(.ARM.Collect$$libshutdown$$00000004)
    .ARM.Collect$$libshutdown$$00000007      0x000001f0   Section        0  libshutdown2.o(.ARM.Collect$$libshutdown$$00000007)
    .ARM.Collect$$libshutdown$$0000000A      0x000001f0   Section        0  libshutdown2.o(.ARM.Collect$$libshutdown$$0000000A)
    .ARM.Collect$$libshutdown$$0000000C      0x000001f0   Section        0  libshutdown2.o(.ARM.Collect$$libshutdown$$0000000C)
    .ARM.Collect$$libshutdown$$0000000F      0x000001f0   Section        0  libshutdown2.o(.ARM.Collect$$libshutdown$$0000000F)
    .ARM.Collect$$libshutdown$$00000010      0x000001f0   Section        6  libshutdown2.o(.ARM.Collect$$libshutdown$$00000010)
    .ARM.Collect$$rtentry$$00000000          0x000001f8   Section        0  __rtentry.o(.ARM.Collect$$rtentry$$00000000)
    .ARM.Collect$$rtentry$$00000002          0x000001f8   Section        0  __rtentry2.o(.ARM.Collect$$rtentry$$00000002)
    .ARM.Collect$$rtentry$$00000004          0x000001f8   Section        8  __rtentry4.o(.ARM.Collect$$rtentry$$00000004)
    .ARM.Collect$$rtentry$$00000009          0x00000200   Section        0  __rtentry2.o(.ARM.Collect$$rtentry$$00000009)
    .ARM.Collect$$rtentry$$0000000A          0x00000200   Section        4  __rtentry2.o(.ARM.Collect$$rtentry$$0000000A)
    .ARM.Collect$$rtentry$$0000000C          0x00000204   Section        0  __rtentry2.o(.ARM.Collect$$rtentry$$0000000C)
    .ARM.Collect$$rtentry$$0000000D          0x00000204   Section       40  __rtentry2.o(.ARM.Collect$$rtentry$$0000000D)
    .ARM.Collect$$rtexit$$00000000           0x00000230   Section        4  rtexit.o(.ARM.Collect$$rtexit$$00000000)
    .ARM.Collect$$rtexit$$00000002           0x00000234   Section        0  rtexit2.o(.ARM.Collect$$rtexit$$00000002)
    .ARM.Collect$$rtexit$$00000003           0x00000234   Section        4  rtexit2.o(.ARM.Collect$$rtexit$$00000003)
    .ARM.Collect$$rtexit$$00000004           0x00000238   Section        8  rtexit2.o(.ARM.Collect$$rtexit$$00000004)
    .text                                    0x00000240   Section       32  startup.o(.text)
    .text                                    0x00000268   Section        0  noretval__2sprintf.o(.text)
    .text                                    0x00000290   Section        0  __printf.o(.text)
    .text                                    0x00000310   Section        0  _printf_dec.o(.text)
    .text                                    0x00000380   Section      100  rt_memcpy_w.o(.text)
    .text                                    0x000003e4   Section       84  rt_memclr_w.o(.text)
    .text                                    0x00000438   Section      384  aeabi_sdiv.o(.text)
    __arm_div8                               0x00000464   ARM Code       0  aeabi_sdiv.o(.text)
    __arm_div5                               0x00000488   ARM Code       0  aeabi_sdiv.o(.text)
    __arm_div2                               0x000004ac   ARM Code       0  aeabi_sdiv.o(.text)
    __arm_div_large                          0x000004e8   ARM Code       0  aeabi_sdiv.o(.text)
    .text                                    0x000005b8   Section        0  heapauxi.o(.text)
    .text                                    0x000005be   Section        0  _printf_intcommon.o(.text)
    .text                                    0x00000678   Section        0  _printf_char_common.o(.text)
    _printf_input_char                       0x00000679   Thumb Code    10  _printf_char_common.o(.text)
    .text                                    0x000006a8   Section        0  _sputc.o(.text)
    .text                                    0x000006b8   Section       44  rtudiv10.o(.text)
    .text                                    0x000006e4   Section       96  sys_stackheap_outer.o(.text)
    .text                                    0x00000744   Section        0  exit.o(.text)
    .text                                    0x00000758   Section       12  libspace.o(.text)
    .text                                    0x0000076c   Section        0  sys_exit.o(.text)
    .text                                    0x00000778   Section        4  use_no_semi.o(.text)
    .text                                    0x0000077c   Section        0  indicate_semi.o(.text)
    .text_udiv                               0x0000077c   Section       36  aeabi_sdiv.o(.text_udiv)
    i.EXTI1_CallBack                         0x000007a0   Section        0  main.o(i.EXTI1_CallBack)
    i.EXTI2_CallBack                         0x00000850   Section        0  main.o(i.EXTI2_CallBack)
    i.EXTI_ClearITPendingBit                 0x00000904   Section        0  lpc213x_lib.o(i.EXTI_ClearITPendingBit)
    i.EXTI_Init                              0x00000914   Section        0  lpc213x_lib.o(i.EXTI_Init)
    i.GPIO_Init                              0x0000094c   Section        0  lpc213x_lib.o(i.GPIO_Init)
    i.GPIO_WritePin                          0x00000c48   Section        0  lpc213x_lib.o(i.GPIO_WritePin)
    i.UART0_CallBack                         0x00000c60   Section        0  main.o(i.UART0_CallBack)
    i.UART_Cmd                               0x00000d28   Section        0  lpc213x_lib.o(i.UART_Cmd)
    i.UART_GetITStatus                       0x00000d48   Section        0  lpc213x_lib.o(i.UART_GetITStatus)
    i.UART_ITConfig                          0x00000d6c   Section        0  lpc213x_lib.o(i.UART_ITConfig)
    i.UART_Init                              0x00000db0   Section        0  lpc213x_lib.o(i.UART_Init)
    i.UART_ReceiveData                       0x00000e90   Section        0  lpc213x_lib.o(i.UART_ReceiveData)
    i.UART_SendData                          0x00000ea0   Section        0  lpc213x_lib.o(i.UART_SendData)
    i.VIC_Init                               0x00000ebc   Section        0  lpc213x_lib.o(i.VIC_Init)
    i.__ARM_common_call_via_r1               0x00000f1c   Section        0  __printf.o(i.__ARM_common_call_via_r1)
    i.__ARM_common_call_via_r2               0x00000f1e   Section        0  __printf.o(i.__ARM_common_call_via_r2)
    i.delay                                  0x00000f20   Section        0  lpc213x_lib.o(i.delay)
    i.main                                   0x00000f54   Section        0  main.o(i.main)
    .data                                    0x40000000   Section       76  main.o(.data)
    .bss                                     0x4000004c   Section       96  libspace.o(.bss)
    HEAP                                     0x400000b0   Section        0  startup.o(HEAP)
    STACK                                    0x400000b0   Section     1160  startup.o(STACK)
    Heap_Mem                                 0x400000b0   Data           0  startup.o(HEAP)
    Stack_Mem                                0x400000b0   Data        1024  startup.o(STACK)
    Stack_Top                                0x40000538   Data           0  startup.o(STACK)

    Global Symbols

    Symbol Name                              Value     Ov Type        Size  Object(Section)

    BuildAttributes$$THM_ISAv1$ARM_ISAv4$S$PE$A:L22$X:L11$S22$IEEE1$IW$USESV6$~STKCKD$USESV7$~SHL$OSPACE$ROPI$EBA8$UX$STANDARDLIB$REQ8$PRES8$EABIv2 0x00000000   Number         0  anon$$obj.o ABSOLUTE
    __ARM_use_no_argv                        0x00000000   Number         0  main.o ABSOLUTE
    __ARM_exceptions_init                     - Undefined Weak Reference
    __alloca_initialize                       - Undefined Weak Reference
    __arm_preinit_                            - Undefined Weak Reference
    __cpp_initialize__aeabi_                  - Undefined Weak Reference
    __cxa_finalize                            - Undefined Weak Reference
    __rt_locale                               - Undefined Weak Reference
    __sigvec_lookup                           - Undefined Weak Reference
    _atexit_init                              - Undefined Weak Reference
    _call_atexit_fns                          - Undefined Weak Reference
    _clock_init                               - Undefined Weak Reference
    _fp_trap_init                             - Undefined Weak Reference
    _fp_trap_shutdown                         - Undefined Weak Reference
    _get_lc_collate                           - Undefined Weak Reference
    _get_lc_ctype                             - Undefined Weak Reference
    _get_lc_monetary                          - Undefined Weak Reference
    _get_lc_numeric                           - Undefined Weak Reference
    _get_lc_time                              - Undefined Weak Reference
    _getenv_init                              - Undefined Weak Reference
    _handle_redirection                       - Undefined Weak Reference
    _init_alloc                               - Undefined Weak Reference
    _init_user_alloc                          - Undefined Weak Reference
    _initio                                   - Undefined Weak Reference
    _printf_post_padding                      - Undefined Weak Reference
    _printf_pre_padding                       - Undefined Weak Reference
    _printf_truncate_signed                   - Undefined Weak Reference
    _printf_truncate_unsigned                 - Undefined Weak Reference
    _rand_init                                - Undefined Weak Reference
    _signal_finish                            - Undefined Weak Reference
    _signal_init                              - Undefined Weak Reference
    _terminate_alloc                          - Undefined Weak Reference
    _terminate_user_alloc                     - Undefined Weak Reference
    _terminateio                              - Undefined Weak Reference
    Reset_Handler                            0x00000058   ARM Code       0  startup.o(RESET)
    __main                                   0x00000120   ARM Code       8  __main.o(!!!main)
    __scatterload                            0x00000128   ARM Code       0  __scatter.o(!!!scatter)
    __scatterload_rt2                        0x00000128   ARM Code      52  __scatter.o(!!!scatter)
    __scatterload_null                       0x0000013c   ARM Code       0  __scatter.o(!!!scatter)
    __scatterload_copy                       0x00000164   ARM Code      40  __scatter_copy.o(!!handler_copy)
    __scatterload_zeroinit                   0x0000018c   ARM Code      44  __scatter_zi.o(!!handler_zi)
    Inline Thumb to ARM Veneer to _printf_percent 0x000001b9   Thumb Code     4  _printf_percent.o(.ARM.Collect$$_printf_percent$$00000000)
    _printf_d                                0x000001bc   ARM Code       0  _printf_d.o(.ARM.Collect$$_printf_percent$$00000009)
    _printf_percent                          0x000001bc   ARM Code       0  _printf_percent.o(.ARM.Collect$$_printf_percent$$00000000)
    _printf_percent_end                      0x000001c4   ARM Code       0  _printf_percent_end.o(.ARM.Collect$$_printf_percent$$00000017)
    Inline ARM to Thumb Veneer to __rt_lib_init 0x000001cc   ARM Code       8  libinit.o(.ARM.Collect$$libinit$$00000000)
    __rt_lib_init                            0x000001d5   Thumb Code     0  libinit.o(.ARM.Collect$$libinit$$00000000)
    __rt_lib_init_alloca_1                   0x000001d7   Thumb Code     0  libinit2.o(.ARM.Collect$$libinit$$0000002E)
    __rt_lib_init_argv_1                     0x000001d7   Thumb Code     0  libinit2.o(.ARM.Collect$$libinit$$0000002C)
    __rt_lib_init_atexit_1                   0x000001d7   Thumb Code     0  libinit2.o(.ARM.Collect$$libinit$$0000001B)
    __rt_lib_init_clock_1                    0x000001d7   Thumb Code     0  libinit2.o(.ARM.Collect$$libinit$$00000021)
    __rt_lib_init_cpp_1                      0x000001d7   Thumb Code     0  libinit2.o(.ARM.Collect$$libinit$$00000032)
    __rt_lib_init_exceptions_1               0x000001d7   Thumb Code     0  libinit2.o(.ARM.Collect$$libinit$$00000030)
    __rt_lib_init_fp_1                       0x000001d7   Thumb Code     0  libinit2.o(.ARM.Collect$$libinit$$00000002)
    __rt_lib_init_fp_trap_1                  0x000001d7   Thumb Code     0  libinit2.o(.ARM.Collect$$libinit$$0000001F)
    __rt_lib_init_getenv_1                   0x000001d7   Thumb Code     0  libinit2.o(.ARM.Collect$$libinit$$00000023)
    __rt_lib_init_heap_1                     0x000001d7   Thumb Code     0  libinit2.o(.ARM.Collect$$libinit$$0000000A)
    __rt_lib_init_lc_collate_1               0x000001d7   Thumb Code     0  libinit2.o(.ARM.Collect$$libinit$$00000011)
    __rt_lib_init_lc_ctype_1                 0x000001d7   Thumb Code     0  libinit2.o(.ARM.Collect$$libinit$$00000013)
    __rt_lib_init_lc_monetary_1              0x000001d7   Thumb Code     0  libinit2.o(.ARM.Collect$$libinit$$00000015)
    __rt_lib_init_lc_numeric_1               0x000001d7   Thumb Code     0  libinit2.o(.ARM.Collect$$libinit$$00000017)
    __rt_lib_init_lc_time_1                  0x000001d7   Thumb Code     0  libinit2.o(.ARM.Collect$$libinit$$00000019)
    __rt_lib_init_preinit_1                  0x000001d7   Thumb Code     0  libinit2.o(.ARM.Collect$$libinit$$00000004)
    __rt_lib_init_rand_1                     0x000001d7   Thumb Code     0  libinit2.o(.ARM.Collect$$libinit$$0000000E)
    __rt_lib_init_return                     0x000001d7   Thumb Code     0  libinit2.o(.ARM.Collect$$libinit$$00000033)
    __rt_lib_init_signal_1                   0x000001d7   Thumb Code     0  libinit2.o(.ARM.Collect$$libinit$$0000001D)
    __rt_lib_init_stdio_1                    0x000001d7   Thumb Code     0  libinit2.o(.ARM.Collect$$libinit$$00000025)
    __rt_lib_init_user_alloc_1               0x000001d7   Thumb Code     0  libinit2.o(.ARM.Collect$$libinit$$0000000C)
    Inline ARM to Thumb Veneer to __rt_lib_shutdown 0x000001e4   ARM Code       8  libshutdown.o(.ARM.Collect$$libshutdown$$00000000)
    __rt_lib_shutdown                        0x000001ed   Thumb Code     0  libshutdown.o(.ARM.Collect$$libshutdown$$00000000)
    __rt_lib_shutdown_cpp_1                  0x000001f1   Thumb Code     0  libshutdown2.o(.ARM.Collect$$libshutdown$$00000002)
    __rt_lib_shutdown_fp_trap_1              0x000001f1   Thumb Code     0  libshutdown2.o(.ARM.Collect$$libshutdown$$00000007)
    __rt_lib_shutdown_heap_1                 0x000001f1   Thumb Code     0  libshutdown2.o(.ARM.Collect$$libshutdown$$0000000F)
    __rt_lib_shutdown_return                 0x000001f1   Thumb Code     0  libshutdown2.o(.ARM.Collect$$libshutdown$$00000010)
    __rt_lib_shutdown_signal_1               0x000001f1   Thumb Code     0  libshutdown2.o(.ARM.Collect$$libshutdown$$0000000A)
    __rt_lib_shutdown_stdio_1                0x000001f1   Thumb Code     0  libshutdown2.o(.ARM.Collect$$libshutdown$$00000004)
    __rt_lib_shutdown_user_alloc_1           0x000001f1   Thumb Code     0  libshutdown2.o(.ARM.Collect$$libshutdown$$0000000C)
    __rt_entry                               0x000001f8   ARM Code       0  __rtentry.o(.ARM.Collect$$rtentry$$00000000)
    __rt_entry_presh_1                       0x000001f8   ARM Code       0  __rtentry2.o(.ARM.Collect$$rtentry$$00000002)
    __rt_entry_sh                            0x000001f8   ARM Code       0  __rtentry4.o(.ARM.Collect$$rtentry$$00000004)
    __rt_entry_li                            0x00000200   ARM Code       0  __rtentry2.o(.ARM.Collect$$rtentry$$0000000A)
    __rt_entry_postsh_1                      0x00000200   ARM Code       0  __rtentry2.o(.ARM.Collect$$rtentry$$00000009)
    __rt_entry_main                          0x00000204   ARM Code       0  __rtentry2.o(.ARM.Collect$$rtentry$$0000000D)
    __rt_entry_postli_1                      0x00000204   ARM Code       0  __rtentry2.o(.ARM.Collect$$rtentry$$0000000C)
    Inline Thumb to ARM Veneer to __rt_exit  0x0000022d   Thumb Code     4  rtexit.o(.ARM.Collect$$rtexit$$00000000)
    __rt_exit                                0x00000230   ARM Code       0  rtexit.o(.ARM.Collect$$rtexit$$00000000)
    __rt_exit_ls                             0x00000234   ARM Code       0  rtexit2.o(.ARM.Collect$$rtexit$$00000003)
    __rt_exit_prels_1                        0x00000234   ARM Code       0  rtexit2.o(.ARM.Collect$$rtexit$$00000002)
    __rt_exit_exit                           0x00000238   ARM Code       0  rtexit2.o(.ARM.Collect$$rtexit$$00000004)
    __user_initial_stackheap                 0x00000240   ARM Code       0  startup.o(.text)
    Inline ARM to Thumb Veneer to __2sprintf 0x00000260   ARM Code       8  noretval__2sprintf.o(.text)
    __2sprintf                               0x00000269   Thumb Code    36  noretval__2sprintf.o(.text)
    __printf                                 0x00000291   Thumb Code   118  __printf.o(.text)
    Inline ARM to Thumb Veneer to _printf_int_dec 0x00000308   ARM Code       8  _printf_dec.o(.text)
    _printf_int_dec                          0x00000311   Thumb Code    94  _printf_dec.o(.text)
    __aeabi_memcpy4                          0x00000380   ARM Code       0  rt_memcpy_w.o(.text)
    __aeabi_memcpy8                          0x00000380   ARM Code       0  rt_memcpy_w.o(.text)
    __rt_memcpy_w                            0x00000380   ARM Code     100  rt_memcpy_w.o(.text)
    _memcpy_lastbytes_aligned                0x000003cc   ARM Code       0  rt_memcpy_w.o(.text)
    __aeabi_memclr4                          0x000003e4   ARM Code       0  rt_memclr_w.o(.text)
    __aeabi_memclr8                          0x000003e4   ARM Code       0  rt_memclr_w.o(.text)
    __rt_memclr_w                            0x000003e4   ARM Code      84  rt_memclr_w.o(.text)
    _memset_w                                0x000003e8   ARM Code       0  rt_memclr_w.o(.text)
    __aeabi_idiv                             0x00000438   ARM Code       0  aeabi_sdiv.o(.text)
    __aeabi_idivmod                          0x00000438   ARM Code     384  aeabi_sdiv.o(.text)
    __use_two_region_memory                  0x000005b9   Thumb Code     2  heapauxi.o(.text)
    __rt_heap_escrow$2region                 0x000005bb   Thumb Code     2  heapauxi.o(.text)
    __rt_heap_expand$2region                 0x000005bd   Thumb Code     2  heapauxi.o(.text)
    _printf_int_common                       0x000005bf   Thumb Code   186  _printf_intcommon.o(.text)
    _printf_char_common                      0x00000683   Thumb Code    34  _printf_char_common.o(.text)
    _sputc                                   0x000006a9   Thumb Code    10  _sputc.o(.text)
    Inline Thumb to ARM Veneer to __rt_udiv10 0x000006b5   Thumb Code     4  rtudiv10.o(.text)
    __rt_udiv10                              0x000006b8   ARM Code      44  rtudiv10.o(.text)
    __user_setup_stackheap                   0x000006e4   ARM Code      96  sys_stackheap_outer.o(.text)
    exit                                     0x00000745   Thumb Code    20  exit.o(.text)
    __user_libspace                          0x00000758   ARM Code      12  libspace.o(.text)
    __user_perproc_libspace                  0x00000758   ARM Code       0  libspace.o(.text)
    __user_perthread_libspace                0x00000758   ARM Code       0  libspace.o(.text)
    Inline ARM to Thumb Veneer to _sys_exit  0x00000764   ARM Code       8  sys_exit.o(.text)
    _sys_exit                                0x0000076d   Thumb Code     8  sys_exit.o(.text)
    __I$use$semihosting                      0x00000778   ARM Code       0  use_no_semi.o(.text)
    __use_no_semihosting_swi                 0x00000778   ARM Code       4  use_no_semi.o(.text)
    __aeabi_uidiv                            0x0000077c   ARM Code       0  aeabi_sdiv.o(.text_udiv)
    __aeabi_uidivmod                         0x0000077c   ARM Code      36  aeabi_sdiv.o(.text_udiv)
    __semihosting_library_function           0x0000077c   ARM Code       0  indicate_semi.o(.text)
    EXTI1_CallBack                           0x000007a0   ARM Code     136  main.o(i.EXTI1_CallBack)
    EXTI2_CallBack                           0x00000850   ARM Code     140  main.o(i.EXTI2_CallBack)
    EXTI_ClearITPendingBit                   0x00000904   ARM Code      12  lpc213x_lib.o(i.EXTI_ClearITPendingBit)
    EXTI_Init                                0x00000914   ARM Code      52  lpc213x_lib.o(i.EXTI_Init)
    GPIO_Init                                0x0000094c   ARM Code     752  lpc213x_lib.o(i.GPIO_Init)
    GPIO_WritePin                            0x00000c48   ARM Code      24  lpc213x_lib.o(i.GPIO_WritePin)
    UART0_CallBack                           0x00000c60   ARM Code     160  main.o(i.UART0_CallBack)
    UART_Cmd                                 0x00000d28   ARM Code      32  lpc213x_lib.o(i.UART_Cmd)
    UART_GetITStatus                         0x00000d48   ARM Code      36  lpc213x_lib.o(i.UART_GetITStatus)
    UART_ITConfig                            0x00000d6c   ARM Code      68  lpc213x_lib.o(i.UART_ITConfig)
    UART_Init                                0x00000db0   ARM Code     208  lpc213x_lib.o(i.UART_Init)
    UART_ReceiveData                         0x00000e90   ARM Code      16  lpc213x_lib.o(i.UART_ReceiveData)
    UART_SendData                            0x00000ea0   ARM Code      28  lpc213x_lib.o(i.UART_SendData)
    VIC_Init                                 0x00000ebc   ARM Code      96  lpc213x_lib.o(i.VIC_Init)
    __ARM_common_call_via_r1                 0x00000f1d   Thumb Code     2  __printf.o(i.__ARM_common_call_via_r1)
    __ARM_common_call_via_r2                 0x00000f1f   Thumb Code     2  __printf.o(i.__ARM_common_call_via_r2)
    delay                                    0x00000f20   ARM Code      48  lpc213x_lib.o(i.delay)
    main                                     0x00000f54   ARM Code     840  main.o(i.main)
    Region$$Table$$Base                      0x0000129c   Number         0  anon$$obj.o(Region$$Table)
    Region$$Table$$Limit                     0x000012bc   Number         0  anon$$obj.o(Region$$Table)
    led_list                                 0x40000000   Data          64  main.o(.data)
    style                                    0x40000040   Data           1  main.o(.data)
    display                                  0x40000042   Data           2  main.o(.data)
    timer                                    0x40000044   Data           4  main.o(.data)
    n                                        0x40000048   Data           4  main.o(.data)
    __libspace_start                         0x4000004c   Data          96  libspace.o(.bss)
    __temporary_stack_top$libspace           0x400000ac   Data           0  libspace.o(.bss)



==============================================================================

Memory Map of the image

  Image Entry point : 0x00000120

  Load Region LR_IROM1 (Base: 0x00000000, Size: 0x00001308, Max: 0x00080000, ABSOLUTE)

    Execution Region ER_IROM1 (Exec base: 0x00000000, Load base: 0x00000000, Size: 0x000012bc, Max: 0x00080000, ABSOLUTE)

    Exec Addr    Load Addr    Size         Type   Attr      Idx    E Section Name        Object

    0x00000000   0x00000000   0x00000120   Code   RO            3    RESET               startup.o
    0x00000120   0x00000120   0x00000008   Code   RO          411  * !!!main             c_t.l(__main.o)
    0x00000128   0x00000128   0x0000003c   Code   RO          593    !!!scatter          c_t.l(__scatter.o)
    0x00000164   0x00000164   0x00000028   Code   RO          595    !!handler_copy      c_t.l(__scatter_copy.o)
    0x0000018c   0x0000018c   0x0000002c   Code   RO          597    !!handler_zi        c_t.l(__scatter_zi.o)
    0x000001b8   0x000001b8   0x00000004   Ven    RO          388    .ARM.Collect$$_printf_percent$$00000000  c_t.l(_printf_percent.o)
    0x000001bc   0x000001bc   0x00000000   Code   RO          388    .ARM.Collect$$_printf_percent$$00000000  c_t.l(_printf_percent.o)
    0x000001bc   0x000001bc   0x00000008   Code   RO          387    .ARM.Collect$$_printf_percent$$00000009  c_t.l(_printf_d.o)
    0x000001c4   0x000001c4   0x00000008   Code   RO          424    .ARM.Collect$$_printf_percent$$00000017  c_t.l(_printf_percent_end.o)
    0x000001cc   0x000001cc   0x00000008   Ven    RO          463    .ARM.Collect$$libinit$$00000000  c_t.l(libinit.o)
    0x000001d4   0x000001d4   0x00000002   Code   RO          463    .ARM.Collect$$libinit$$00000000  c_t.l(libinit.o)
    0x000001d6   0x000001d6   0x00000000   Code   RO          476    .ARM.Collect$$libinit$$00000002  c_t.l(libinit2.o)
    0x000001d6   0x000001d6   0x00000000   Code   RO          478    .ARM.Collect$$libinit$$00000004  c_t.l(libinit2.o)
    0x000001d6   0x000001d6   0x00000000   Code   RO          481    .ARM.Collect$$libinit$$0000000A  c_t.l(libinit2.o)
    0x000001d6   0x000001d6   0x00000000   Code   RO          483    .ARM.Collect$$libinit$$0000000C  c_t.l(libinit2.o)
    0x000001d6   0x000001d6   0x00000000   Code   RO          485    .ARM.Collect$$libinit$$0000000E  c_t.l(libinit2.o)
    0x000001d6   0x000001d6   0x00000000   Code   RO          488    .ARM.Collect$$libinit$$00000011  c_t.l(libinit2.o)
    0x000001d6   0x000001d6   0x00000000   Code   RO          490    .ARM.Collect$$libinit$$00000013  c_t.l(libinit2.o)
    0x000001d6   0x000001d6   0x00000000   Code   RO          492    .ARM.Collect$$libinit$$00000015  c_t.l(libinit2.o)
    0x000001d6   0x000001d6   0x00000000   Code   RO          494    .ARM.Collect$$libinit$$00000017  c_t.l(libinit2.o)
    0x000001d6   0x000001d6   0x00000000   Code   RO          496    .ARM.Collect$$libinit$$00000019  c_t.l(libinit2.o)
    0x000001d6   0x000001d6   0x00000000   Code   RO          498    .ARM.Collect$$libinit$$0000001B  c_t.l(libinit2.o)
    0x000001d6   0x000001d6   0x00000000   Code   RO          500    .ARM.Collect$$libinit$$0000001D  c_t.l(libinit2.o)
    0x000001d6   0x000001d6   0x00000000   Code   RO          502    .ARM.Collect$$libinit$$0000001F  c_t.l(libinit2.o)
    0x000001d6   0x000001d6   0x00000000   Code   RO          504    .ARM.Collect$$libinit$$00000021  c_t.l(libinit2.o)
    0x000001d6   0x000001d6   0x00000000   Code   RO          506    .ARM.Collect$$libinit$$00000023  c_t.l(libinit2.o)
    0x000001d6   0x000001d6   0x00000000   Code   RO          508    .ARM.Collect$$libinit$$00000025  c_t.l(libinit2.o)
    0x000001d6   0x000001d6   0x00000000   Code   RO          512    .ARM.Collect$$libinit$$0000002C  c_t.l(libinit2.o)
    0x000001d6   0x000001d6   0x00000000   Code   RO          514    .ARM.Collect$$libinit$$0000002E  c_t.l(libinit2.o)
    0x000001d6   0x000001d6   0x00000000   Code   RO          516    .ARM.Collect$$libinit$$00000030  c_t.l(libinit2.o)
    0x000001d6   0x000001d6   0x00000000   Code   RO          518    .ARM.Collect$$libinit$$00000032  c_t.l(libinit2.o)
    0x000001d6   0x000001d6   0x0000000c   Code   RO          519    .ARM.Collect$$libinit$$00000033  c_t.l(libinit2.o)
    0x000001e2   0x000001e2   0x00000002   PAD
    0x000001e4   0x000001e4   0x00000008   Ven    RO          550    .ARM.Collect$$libshutdown$$00000000  c_t.l(libshutdown.o)
    0x000001ec   0x000001ec   0x00000004   Code   RO          550    .ARM.Collect$$libshutdown$$00000000  c_t.l(libshutdown.o)
    0x000001f0   0x000001f0   0x00000000   Code   RO          576    .ARM.Collect$$libshutdown$$00000002  c_t.l(libshutdown2.o)
    0x000001f0   0x000001f0   0x00000000   Code   RO          578    .ARM.Collect$$libshutdown$$00000004  c_t.l(libshutdown2.o)
    0x000001f0   0x000001f0   0x00000000   Code   RO          581    .ARM.Collect$$libshutdown$$00000007  c_t.l(libshutdown2.o)
    0x000001f0   0x000001f0   0x00000000   Code   RO          584    .ARM.Collect$$libshutdown$$0000000A  c_t.l(libshutdown2.o)
    0x000001f0   0x000001f0   0x00000000   Code   RO          586    .ARM.Collect$$libshutdown$$0000000C  c_t.l(libshutdown2.o)
    0x000001f0   0x000001f0   0x00000000   Code   RO          589    .ARM.Collect$$libshutdown$$0000000F  c_t.l(libshutdown2.o)
    0x000001f0   0x000001f0   0x00000006   Code   RO          590    .ARM.Collect$$libshutdown$$00000010  c_t.l(libshutdown2.o)
    0x000001f6   0x000001f6   0x00000002   PAD
    0x000001f8   0x000001f8   0x00000000   Code   RO          413    .ARM.Collect$$rtentry$$00000000  c_t.l(__rtentry.o)
    0x000001f8   0x000001f8   0x00000000   Code   RO          428    .ARM.Collect$$rtentry$$00000002  c_t.l(__rtentry2.o)
    0x000001f8   0x000001f8   0x00000008   Code   RO          440    .ARM.Collect$$rtentry$$00000004  c_t.l(__rtentry4.o)
    0x00000200   0x00000200   0x00000000   Code   RO          430    .ARM.Collect$$rtentry$$00000009  c_t.l(__rtentry2.o)
    0x00000200   0x00000200   0x00000004   Code   RO          431    .ARM.Collect$$rtentry$$0000000A  c_t.l(__rtentry2.o)
    0x00000204   0x00000204   0x00000000   Code   RO          433    .ARM.Collect$$rtentry$$0000000C  c_t.l(__rtentry2.o)
    0x00000204   0x00000204   0x00000028   Code   RO          434    .ARM.Collect$$rtentry$$0000000D  c_t.l(__rtentry2.o)
    0x0000022c   0x0000022c   0x00000004   Ven    RO          467    .ARM.Collect$$rtexit$$00000000  c_t.l(rtexit.o)
    0x00000230   0x00000230   0x00000004   Code   RO          467    .ARM.Collect$$rtexit$$00000000  c_t.l(rtexit.o)
    0x00000234   0x00000234   0x00000000   Code   RO          523    .ARM.Collect$$rtexit$$00000002  c_t.l(rtexit2.o)
    0x00000234   0x00000234   0x00000004   Code   RO          524    .ARM.Collect$$rtexit$$00000003  c_t.l(rtexit2.o)
    0x00000238   0x00000238   0x00000008   Code   RO          525    .ARM.Collect$$rtexit$$00000004  c_t.l(rtexit2.o)
    0x00000240   0x00000240   0x00000020   Code   RO            4    .text               startup.o
    0x00000260   0x00000260   0x00000008   Ven    RO          357    .text               c_t.l(noretval__2sprintf.o)
    0x00000268   0x00000268   0x00000028   Code   RO          357    .text               c_t.l(noretval__2sprintf.o)
    0x00000290   0x00000290   0x00000076   Code   RO          359    .text               c_t.l(__printf.o)
    0x00000306   0x00000306   0x00000002   PAD
    0x00000308   0x00000308   0x00000008   Ven    RO          365    .text               c_t.l(_printf_dec.o)
    0x00000310   0x00000310   0x00000070   Code   RO          365    .text               c_t.l(_printf_dec.o)
    0x00000380   0x00000380   0x00000064   Code   RO          389    .text               c_t.l(rt_memcpy_w.o)
    0x000003e4   0x000003e4   0x00000054   Code   RO          391    .text               c_t.l(rt_memclr_w.o)
    0x00000438   0x00000438   0x00000180   Code   RO          393    .text               c_t.l(aeabi_sdiv.o)
    0x000005b8   0x000005b8   0x00000006   Code   RO          409    .text               c_t.l(heapauxi.o)
    0x000005be   0x000005be   0x000000ba   Code   RO          418    .text               c_t.l(_printf_intcommon.o)
    0x00000678   0x00000678   0x00000030   Code   RO          420    .text               c_t.l(_printf_char_common.o)
    0x000006a8   0x000006a8   0x0000000a   Code   RO          422    .text               c_t.l(_sputc.o)
    0x000006b2   0x000006b2   0x00000002   PAD
    0x000006b4   0x000006b4   0x00000004   Ven    RO          425    .text               c_t.l(rtudiv10.o)
    0x000006b8   0x000006b8   0x0000002c   Code   RO          425    .text               c_t.l(rtudiv10.o)
    0x000006e4   0x000006e4   0x00000060   Code   RO          450    .text               c_t.l(sys_stackheap_outer.o)
    0x00000744   0x00000744   0x00000014   Code   RO          452    .text               c_t.l(exit.o)
    0x00000758   0x00000758   0x0000000c   Code   RO          464    .text               c_t.l(libspace.o)
    0x00000764   0x00000764   0x00000008   Ven    RO          520    .text               c_t.l(sys_exit.o)
    0x0000076c   0x0000076c   0x0000000c   Code   RO          520    .text               c_t.l(sys_exit.o)
    0x00000778   0x00000778   0x00000004   Code   RO          539    .text               c_t.l(use_no_semi.o)
    0x0000077c   0x0000077c   0x00000000   Code   RO          541    .text               c_t.l(indicate_semi.o)
    0x0000077c   0x0000077c   0x00000024   Code   RO          394    .text_udiv          c_t.l(aeabi_sdiv.o)
    0x000007a0   0x000007a0   0x000000b0   Code   RO           11    i.EXTI1_CallBack    main.o
    0x00000850   0x00000850   0x000000b4   Code   RO           12    i.EXTI2_CallBack    main.o
    0x00000904   0x00000904   0x00000010   Code   RO           62    i.EXTI_ClearITPendingBit  lpc213x_lib.o
    0x00000914   0x00000914   0x00000038   Code   RO           64    i.EXTI_Init         lpc213x_lib.o
    0x0000094c   0x0000094c   0x000002fc   Code   RO           65    i.GPIO_Init         lpc213x_lib.o
    0x00000c48   0x00000c48   0x00000018   Code   RO           68    i.GPIO_WritePin     lpc213x_lib.o
    0x00000c60   0x00000c60   0x000000c8   Code   RO           13    i.UART0_CallBack    main.o
    0x00000d28   0x00000d28   0x00000020   Code   RO           94    i.UART_Cmd          lpc213x_lib.o
    0x00000d48   0x00000d48   0x00000024   Code   RO           95    i.UART_GetITStatus  lpc213x_lib.o
    0x00000d6c   0x00000d6c   0x00000044   Code   RO           96    i.UART_ITConfig     lpc213x_lib.o
    0x00000db0   0x00000db0   0x000000e0   Code   RO           97    i.UART_Init         lpc213x_lib.o
    0x00000e90   0x00000e90   0x00000010   Code   RO           98    i.UART_ReceiveData  lpc213x_lib.o
    0x00000ea0   0x00000ea0   0x0000001c   Code   RO           99    i.UART_SendData     lpc213x_lib.o
    0x00000ebc   0x00000ebc   0x00000060   Code   RO          100    i.VIC_Init          lpc213x_lib.o
    0x00000f1c   0x00000f1c   0x00000002   Code   RO          363    i.__ARM_common_call_via_r1  c_t.l(__printf.o)
    0x00000f1e   0x00000f1e   0x00000002   Code   RO          361    i.__ARM_common_call_via_r2  c_t.l(__printf.o)
    0x00000f20   0x00000f20   0x00000034   Code   RO          104    i.delay             lpc213x_lib.o
    0x00000f54   0x00000f54   0x00000348   Code   RO           14    i.main              main.o
    0x0000129c   0x0000129c   0x00000020   Data   RO          591    Region$$Table       anon$$obj.o


    Execution Region RW_IRAM1 (Exec base: 0x40000000, Load base: 0x000012bc, Size: 0x00000538, Max: 0x00008000, ABSOLUTE)

    Exec Addr    Load Addr    Size         Type   Attr      Idx    E Section Name        Object

    0x40000000   0x000012bc   0x0000004c   Data   RW           15    .data               main.o
    0x4000004c        -       0x00000060   Zero   RW          465    .bss                c_t.l(libspace.o)
    0x400000ac   0x00001308   0x00000004   PAD
    0x400000b0        -       0x00000000   Zero   RW            2    HEAP                startup.o
    0x400000b0        -       0x00000488   Zero   RW            1    STACK               startup.o


==============================================================================

Image component sizes


      Code (inc. data)   RO Data    RW Data    ZI Data      Debug   Object Name

      1412         40          0          0          0      15401   lpc213x_lib.o
      1396        204          0         76          0      17237   main.o
       320         64          0          0       1160        560   startup.o

    ----------------------------------------------------------------------
      3128        308         32         76       1160      33198   Object Totals
         0          0         32          0          0          0   (incl. Generated)
         0          0          0          0          0          0   (incl. Padding)

    ----------------------------------------------------------------------

      Code (inc. data)   RO Data    RW Data    ZI Data      Debug   Library Member Name

         8          0          0          0          0         68   __main.o
       122          0          0          0          0        208   __printf.o
         0          0          0          0          0          0   __rtentry.o
        44          4          0          0          0          0   __rtentry2.o
         8          0          0          0          0          0   __rtentry4.o
        60          8          0          0          0          0   __scatter.o
        40          0          0          0          0          0   __scatter_copy.o
        44          0          0          0          0          0   __scatter_zi.o
        48          4          0          0          0         96   _printf_char_common.o
         8          0          0          0          0          0   _printf_d.o
       120         18          0          0          0         88   _printf_dec.o
       186          0          0          0          0         96   _printf_intcommon.o
         4          0          0          0          0          0   _printf_percent.o
         8          0          0          0          0          0   _printf_percent_end.o
        10          0          0          0          0         60   _sputc.o
       420          0          0          0          0        148   aeabi_sdiv.o
        20          0          0          0          0         80   exit.o
         6          0          0          0          0        136   heapauxi.o
         0          0          0          0          0          0   indicate_semi.o
        10          0          0          0          0          0   libinit.o
        12          0          0          0          0          0   libinit2.o
        12          0          0          0          0          0   libshutdown.o
         6          0          0          0          0          0   libshutdown2.o
        12          4          0          0         96         68   libspace.o
        48          4          0          0          0         84   noretval__2sprintf.o
        84          0          0          0          0         80   rt_memclr_w.o
       100          0          0          0          0         80   rt_memcpy_w.o
         8          0          0          0          0          0   rtexit.o
        12          0          0          0          0          0   rtexit2.o
        48          0          0          0          0         68   rtudiv10.o
        20          4          0          0          0         60   sys_exit.o
        96          0          0          0          0         80   sys_stackheap_outer.o
         4          0          0          0          0         68   use_no_semi.o

    ----------------------------------------------------------------------
      1636         46          0          0        100       1568   Library Totals
         8          0          0          0          4          0   (incl. Padding)

    ----------------------------------------------------------------------

      Code (inc. data)   RO Data    RW Data    ZI Data      Debug   Library Name

      1628         46          0          0         96       1568   c_t.l

    ----------------------------------------------------------------------
      1636         46          0          0        100       1568   Library Totals

    ----------------------------------------------------------------------

==============================================================================


      Code (inc. data)   RO Data    RW Data    ZI Data      Debug   

      4764        354         32         76       1260      33490   Grand Totals
      4764        354         32         76       1260      33490   ELF Image Totals
      4764        354         32         76          0          0   ROM Totals

==============================================================================

    Total RO  Size (Code + RO Data)                 4796 (   4.68kB)
    Total RW  Size (RW Data + ZI Data)              1336 (   1.30kB)
    Total ROM Size (Code + RO Data + RW Data)       4872 (   4.76kB)

==============================================================================

