Component: ARM Compiler 5.06 update 6 (build 750) Tool: armlink [4d35ed]

==============================================================================

Section Cross References

    startup.o(STACK) refers (Special) to heapauxi.o(.text) for __use_two_region_memory
    startup.o(HEAP) refers (Special) to heapauxi.o(.text) for __use_two_region_memory
    startup.o(RESET) refers (Special) to heapauxi.o(.text) for __use_two_region_memory
    startup.o(RESET) refers to startup.o(STACK) for Stack_Top
    startup.o(RESET) refers to __main.o(!!!main) for __main
    startup.o(.text) refers (Special) to heapauxi.o(.text) for __use_two_region_memory
    startup.o(.text) refers to startup.o(HEAP) for Heap_Mem
    startup.o(.text) refers to startup.o(STACK) for Stack_Mem
    main.o(i.ClearScreen) refers to main.o(.bss) for screen
    main.o(i.Collision_Chack) refers to main.o(.bss) for snack
    main.o(i.Collision_Chack) refers to main.o(.data) for snack_length
    main.o(i.Food_Update) refers to _printf_percent.o(.ARM.Collect$$_printf_percent$$00000000) for _printf_percent
    main.o(i.Food_Update) refers to _printf_d.o(.ARM.Collect$$_printf_percent$$00000009) for _printf_d
    main.o(i.Food_Update) refers to _printf_dec.o(.text) for _printf_int_dec
    main.o(i.Food_Update) refers to main.o(i.New_Food) for New_Food
    main.o(i.Food_Update) refers to rt_memclr_w.o(.text) for __aeabi_memclr4
    main.o(i.Food_Update) refers to noretval__2sprintf.o(.text) for __2sprintf
    main.o(i.Food_Update) refers to lpc213x_lib.o(i.UART_SendData) for UART_SendData
    main.o(i.Food_Update) refers to main.o(.bss) for snack
    main.o(i.Food_Update) refers to main.o(.data) for food_x
    main.o(i.Game_Draw) refers to main.o(i.ClearScreen) for ClearScreen
    main.o(i.Game_Draw) refers to main.o(i.SetPixel) for SetPixel
    main.o(i.Game_Draw) refers to main.o(i.ShowPicture) for ShowPicture
    main.o(i.Game_Draw) refers to main.o(i.display) for display
    main.o(i.Game_Draw) refers to main.o(.data) for game_state
    main.o(i.Game_Draw) refers to main.o(.bss) for snack
    main.o(i.Game_Init) refers to main.o(i.New_Food) for New_Food
    main.o(i.Game_Init) refers to rt_memcpy_w.o(.text) for __aeabi_memcpy4
    main.o(i.Game_Init) refers to lpc213x_lib.o(i.UART_SendData) for UART_SendData
    main.o(i.Game_Init) refers to main.o(.data) for snack_length
    main.o(i.Game_Init) refers to main.o(.bss) for snack
    main.o(i.Game_Init) refers to main.o(.constdata) for .constdata
    main.o(i.Game_Update) refers to _printf_percent.o(.ARM.Collect$$_printf_percent$$00000000) for _printf_percent
    main.o(i.Game_Update) refers to _printf_d.o(.ARM.Collect$$_printf_percent$$00000009) for _printf_d
    main.o(i.Game_Update) refers to _printf_dec.o(.text) for _printf_int_dec
    main.o(i.Game_Update) refers to main.o(i.Snack_Move) for Snack_Move
    main.o(i.Game_Update) refers to main.o(i.Collision_Chack) for Collision_Chack
    main.o(i.Game_Update) refers to rt_memclr_w.o(.text) for __aeabi_memclr4
    main.o(i.Game_Update) refers to noretval__2sprintf.o(.text) for __2sprintf
    main.o(i.Game_Update) refers to lpc213x_lib.o(i.UART_SendData) for UART_SendData
    main.o(i.Game_Update) refers to main.o(i.Food_Update) for Food_Update
    main.o(i.Game_Update) refers to main.o(i.Game_Init) for Game_Init
    main.o(i.Game_Update) refers to main.o(.data) for timer
    main.o(i.New_Food) refers to rand.o(.emb_text) for rand
    main.o(i.New_Food) refers to main.o(.data) for food_x
    main.o(i.New_Food) refers to main.o(.bss) for snack
    main.o(i.ResetPixel) refers to main.o(.bss) for screen
    main.o(i.SetPixel) refers to main.o(.bss) for screen
    main.o(i.ShowPicture) refers to main.o(.bss) for screen
    main.o(i.Snack_Move) refers to main.o(.data) for key
    main.o(i.Snack_Move) refers to main.o(.bss) for snack
    main.o(i.UART0_CallBack) refers to lpc213x_lib.o(i.UART_GetITStatus) for UART_GetITStatus
    main.o(i.UART0_CallBack) refers to lpc213x_lib.o(i.UART_ReceiveData) for UART_ReceiveData
    main.o(i.UART0_CallBack) refers to main.o(.data) for key
    main.o(i.display) refers to lpc213x_lib.o(i.SPI_WriteByte) for SPI_WriteByte
    main.o(i.display) refers to lpc213x_lib.o(i.GPIO_WritePin) for GPIO_WritePin
    main.o(i.display) refers to lpc213x_lib.o(i.delay_us) for delay_us
    main.o(i.display) refers to main.o(.data) for sel_list
    main.o(i.display) refers to main.o(.bss) for screen
    main.o(i.main) refers to lpc213x_lib.o(i.GPIO_Init) for GPIO_Init
    main.o(i.main) refers to lpc213x_lib.o(i.SPI_Init) for SPI_Init
    main.o(i.main) refers to lpc213x_lib.o(i.UART_Init) for UART_Init
    main.o(i.main) refers to lpc213x_lib.o(i.UART_Cmd) for UART_Cmd
    main.o(i.main) refers to lpc213x_lib.o(i.UART_ITConfig) for UART_ITConfig
    main.o(i.main) refers to lpc213x_lib.o(i.VIC_Init) for VIC_Init
    main.o(i.main) refers to lpc213x_lib.o(i.GPIO_WritePin) for GPIO_WritePin
    main.o(i.main) refers to lpc213x_lib.o(i.SPI_WriteByte) for SPI_WriteByte
    main.o(i.main) refers to main.o(i.ClearScreen) for ClearScreen
    main.o(i.main) refers to rt_memcpy_w.o(.text) for __aeabi_memcpy4
    main.o(i.main) refers to lpc213x_lib.o(i.UART_SendData) for UART_SendData
    main.o(i.main) refers to main.o(i.ShowPicture) for ShowPicture
    main.o(i.main) refers to main.o(i.display) for display
    main.o(i.main) refers to lpc213x_lib.o(i.delay) for delay
    main.o(i.main) refers to rand.o(.text) for srand
    main.o(i.main) refers to main.o(i.Game_Init) for Game_Init
    main.o(i.main) refers to main.o(i.Game_Update) for Game_Update
    main.o(i.main) refers to main.o(i.Game_Draw) for Game_Draw
    main.o(i.main) refers to main.o(i.UART0_CallBack) for UART0_CallBack
    main.o(i.main) refers to main.o(.constdata) for .constdata
    main.o(i.main) refers to main.o(.data) for img_cover
    lpc213x_lib.o(i.PWM_BaseInit) refers to lpc213x_lib.o(.data) for PWM
    lpc213x_lib.o(i.PWM_Cmd) refers to lpc213x_lib.o(.data) for PWM
    lpc213x_lib.o(i.PWM_SetCompare) refers to lpc213x_lib.o(.data) for PWM
    lpc213x_lib.o(i.PWM_SetMode) refers to lpc213x_lib.o(.data) for PWM
    lpc213x_lib.o(i.PWM_Start) refers to lpc213x_lib.o(.data) for PWM
    lpc213x_lib.o(i.PWM_Stop) refers to lpc213x_lib.o(.data) for PWM
    lpc213x_lib.o(i.RTC_ClearITPendingBit) refers to lpc213x_lib.o(.data) for RTC
    lpc213x_lib.o(i.RTC_Cmd) refers to lpc213x_lib.o(.data) for RTC
    lpc213x_lib.o(i.RTC_GetDate) refers to lpc213x_lib.o(.data) for RTC
    lpc213x_lib.o(i.RTC_GetITStatus) refers to lpc213x_lib.o(.data) for RTC
    lpc213x_lib.o(i.RTC_GetTime) refers to lpc213x_lib.o(.data) for RTC
    lpc213x_lib.o(i.RTC_ITConfig) refers to lpc213x_lib.o(.data) for RTC
    lpc213x_lib.o(i.RTC_Init) refers to lpc213x_lib.o(.data) for RTC
    lpc213x_lib.o(i.RTC_SetDate) refers to rt_memcpy_w.o(.text) for __aeabi_memcpy4
    lpc213x_lib.o(i.RTC_SetDate) refers to aeabi_sdiv.o(.text) for __aeabi_idivmod
    lpc213x_lib.o(i.RTC_SetDate) refers to lpc213x_lib.o(.constdata) for .constdata
    lpc213x_lib.o(i.RTC_SetDate) refers to lpc213x_lib.o(.data) for RTC
    lpc213x_lib.o(i.RTC_SetTime) refers to lpc213x_lib.o(.data) for RTC
    lpc213x_lib.o(i.SPI_Init) refers to aeabi_sdiv.o(.text_udiv) for __aeabi_uidivmod
    lpc213x_lib.o(i.UART_Init) refers to aeabi_sdiv.o(.text_udiv) for __aeabi_uidivmod
    lpc213x_lib.o(i.WDG_Enable) refers to lpc213x_lib.o(.data) for WDG
    lpc213x_lib.o(i.WDG_Feed) refers to lpc213x_lib.o(.data) for WDG
    lpc213x_lib.o(i.WDG_Init) refers to lpc213x_lib.o(.data) for WDG
    __2sprintf.o(.text) refers to _printf_char_common.o(.text) for _printf_char_common
    __2sprintf.o(.text) refers to _sputc.o(.text) for _sputc
    noretval__2sprintf.o(.text) refers to _printf_char_common.o(.text) for _printf_char_common
    noretval__2sprintf.o(.text) refers to _sputc.o(.text) for _sputc
    __printf.o(.text) refers to __printf.o(i.__ARM_common_call_via_r1) for __ARM_common_call_via_r1
    __printf.o(.text) refers to _printf_percent.o(.ARM.Collect$$_printf_percent$$00000000) for _printf_percent
    __printf.o(.text) refers to __printf.o(i.__ARM_common_call_via_r2) for __ARM_common_call_via_r2
    _printf_dec.o(.text) refers to rtudiv10.o(.text) for __rt_udiv10
    _printf_dec.o(.text) refers to _printf_intcommon.o(.text) for _printf_int_common
    __printf_flags.o(.text) refers to __printf.o(i.__ARM_common_call_via_r1) for __ARM_common_call_via_r1
    __printf_flags.o(.text) refers to _printf_percent.o(.ARM.Collect$$_printf_percent$$00000000) for _printf_percent
    __printf_flags.o(.text) refers to __printf.o(i.__ARM_common_call_via_r2) for __ARM_common_call_via_r2
    __printf_flags.o(.text) refers to __printf_flags.o(.constdata) for .constdata
    __printf_ss.o(.text) refers to __printf.o(i.__ARM_common_call_via_r1) for __ARM_common_call_via_r1
    __printf_ss.o(.text) refers to _printf_percent.o(.ARM.Collect$$_printf_percent$$00000000) for _printf_percent
    __printf_ss.o(.text) refers to __printf.o(i.__ARM_common_call_via_r2) for __ARM_common_call_via_r2
    __printf_flags_ss.o(.text) refers to __printf.o(i.__ARM_common_call_via_r1) for __ARM_common_call_via_r1
    __printf_flags_ss.o(.text) refers to _printf_percent.o(.ARM.Collect$$_printf_percent$$00000000) for _printf_percent
    __printf_flags_ss.o(.text) refers to __printf.o(i.__ARM_common_call_via_r2) for __ARM_common_call_via_r2
    __printf_flags_ss.o(.text) refers to __printf_flags_ss.o(.constdata) for .constdata
    __printf_wp.o(.text) refers to __printf.o(i.__ARM_common_call_via_r1) for __ARM_common_call_via_r1
    __printf_wp.o(.text) refers to __printf_wp.o(i._is_digit) for _is_digit
    __printf_wp.o(.text) refers to _printf_percent.o(.ARM.Collect$$_printf_percent$$00000000) for _printf_percent
    __printf_wp.o(.text) refers to __printf.o(i.__ARM_common_call_via_r2) for __ARM_common_call_via_r2
    __printf_flags_wp.o(.text) refers to __printf.o(i.__ARM_common_call_via_r1) for __ARM_common_call_via_r1
    __printf_flags_wp.o(.text) refers to __printf_wp.o(i._is_digit) for _is_digit
    __printf_flags_wp.o(.text) refers to _printf_percent.o(.ARM.Collect$$_printf_percent$$00000000) for _printf_percent
    __printf_flags_wp.o(.text) refers to __printf.o(i.__ARM_common_call_via_r2) for __ARM_common_call_via_r2
    __printf_flags_wp.o(.text) refers to __printf_flags_wp.o(.constdata) for .constdata
    __printf_ss_wp.o(.text) refers to __printf.o(i.__ARM_common_call_via_r1) for __ARM_common_call_via_r1
    __printf_ss_wp.o(.text) refers to __printf_wp.o(i._is_digit) for _is_digit
    __printf_ss_wp.o(.text) refers to _printf_percent.o(.ARM.Collect$$_printf_percent$$00000000) for _printf_percent
    __printf_ss_wp.o(.text) refers to __printf.o(i.__ARM_common_call_via_r2) for __ARM_common_call_via_r2
    __printf_flags_ss_wp.o(.text) refers to __printf.o(i.__ARM_common_call_via_r1) for __ARM_common_call_via_r1
    __printf_flags_ss_wp.o(.text) refers to __printf_wp.o(i._is_digit) for _is_digit
    __printf_flags_ss_wp.o(.text) refers to _printf_percent.o(.ARM.Collect$$_printf_percent$$00000000) for _printf_percent
    __printf_flags_ss_wp.o(.text) refers to __printf.o(i.__ARM_common_call_via_r2) for __ARM_common_call_via_r2
    __printf_flags_ss_wp.o(.text) refers to __printf_flags_ss_wp.o(.constdata) for .constdata
    _printf_d.o(.ARM.Collect$$_printf_percent$$00000009) refers (Weak) to _printf_dec.o(.text) for _printf_int_dec
    _printf_percent.o(.ARM.Collect$$_printf_percent$$00000000) refers (Special) to _printf_percent_end.o(.ARM.Collect$$_printf_percent$$00000017) for _printf_percent_end
    rand.o(.emb_text) refers (Special) to libinit2.o(.ARM.Collect$$libinit$$0000000D) for __rt_lib_init_rand_2
    rand.o(.emb_text) refers to rand.o(.text) for _rand_init
    rand.o(.emb_text) refers to rand.o(.bss) for _random_number_data
    rand.o(.text) refers (Special) to libinit2.o(.ARM.Collect$$libinit$$0000000D) for __rt_lib_init_rand_2
    rand.o(.text) refers to rand.o(.bss) for .bss
    rand.o(.bss) refers (Special) to libinit2.o(.ARM.Collect$$libinit$$0000000D) for __rt_lib_init_rand_2
    aeabi_sdiv.o(.text_udiv) refers to aeabi_sdiv.o(.text) for __arm_div2
    aeabi_sdiv_div0.o(.text_udiv) refers to aeabi_sdiv_div0.o(.text) for __arm_div2
    __main.o(!!!main) refers to __rtentry.o(.ARM.Collect$$rtentry$$00000000) for __rt_entry
    __rtentry.o(.ARM.Collect$$rtentry$$00000000) refers (Special) to __rtentry2.o(.ARM.Collect$$rtentry$$0000000A) for __rt_entry_li
    __rtentry.o(.ARM.Collect$$rtentry$$00000000) refers (Special) to __rtentry2.o(.ARM.Collect$$rtentry$$0000000D) for __rt_entry_main
    __rtentry.o(.ARM.Collect$$rtentry$$00000000) refers (Special) to __rtentry2.o(.ARM.Collect$$rtentry$$0000000C) for __rt_entry_postli_1
    __rtentry.o(.ARM.Collect$$rtentry$$00000000) refers (Special) to __rtentry2.o(.ARM.Collect$$rtentry$$00000009) for __rt_entry_postsh_1
    __rtentry.o(.ARM.Collect$$rtentry$$00000000) refers (Special) to __rtentry2.o(.ARM.Collect$$rtentry$$00000002) for __rt_entry_presh_1
    __rtentry.o(.ARM.Collect$$rtentry$$00000000) refers (Special) to __rtentry4.o(.ARM.Collect$$rtentry$$00000004) for __rt_entry_sh
    aeabi_idiv0_sigfpe.o(.text) refers to rt_div0.o(.text) for __rt_div0
    _printf_intcommon.o(.text) refers to __printf.o(i.__ARM_common_call_via_r2) for __ARM_common_call_via_r2
    _printf_char_common.o(.text) refers to __printf.o(.text) for __printf
    libinit2.o(.ARM.Collect$$libinit$$00000001) refers to fpinit.o(x$fpl$fpinit) for _fp_init
    libinit2.o(.ARM.Collect$$libinit$$0000000D) refers (Weak) to rand.o(.text) for _rand_init
    libinit2.o(.ARM.Collect$$libinit$$00000010) refers to libinit2.o(.ARM.Collect$$libinit$$0000000F) for .ARM.Collect$$libinit$$0000000F
    libinit2.o(.ARM.Collect$$libinit$$00000012) refers to libinit2.o(.ARM.Collect$$libinit$$0000000F) for .ARM.Collect$$libinit$$0000000F
    libinit2.o(.ARM.Collect$$libinit$$00000014) refers to libinit2.o(.ARM.Collect$$libinit$$0000000F) for .ARM.Collect$$libinit$$0000000F
    libinit2.o(.ARM.Collect$$libinit$$00000016) refers to libinit2.o(.ARM.Collect$$libinit$$0000000F) for .ARM.Collect$$libinit$$0000000F
    libinit2.o(.ARM.Collect$$libinit$$00000018) refers to libinit2.o(.ARM.Collect$$libinit$$0000000F) for .ARM.Collect$$libinit$$0000000F
    libinit2.o(.ARM.Collect$$libinit$$00000026) refers to argv_veneer.o(.emb_text) for __ARM_argv_veneer
    libinit2.o(.ARM.Collect$$libinit$$00000027) refers to argv_veneer.o(.emb_text) for __ARM_argv_veneer
    __rtentry2.o(.ARM.Collect$$rtentry$$00000008) refers to boardinit2.o(.text) for _platform_post_stackheap_init
    __rtentry2.o(.ARM.Collect$$rtentry$$0000000A) refers to libinit.o(.ARM.Collect$$libinit$$00000000) for __rt_lib_init
    __rtentry2.o(.ARM.Collect$$rtentry$$0000000B) refers to boardinit3.o(.text) for _platform_post_lib_init
    __rtentry2.o(.ARM.Collect$$rtentry$$0000000D) refers to exit.o(.text) for exit
    __rtentry2.o(.ARM.Collect$$rtentry$$0000000D) refers to main.o(i.main) for main
    __rtentry2.o(.ARM.exidx) refers to __rtentry2.o(.ARM.Collect$$rtentry$$00000001) for .ARM.Collect$$rtentry$$00000001
    __rtentry2.o(.ARM.exidx) refers to __rtentry2.o(.ARM.Collect$$rtentry$$00000008) for .ARM.Collect$$rtentry$$00000008
    __rtentry2.o(.ARM.exidx) refers to __rtentry2.o(.ARM.Collect$$rtentry$$0000000A) for .ARM.Collect$$rtentry$$0000000A
    __rtentry2.o(.ARM.exidx) refers to __rtentry2.o(.ARM.Collect$$rtentry$$0000000B) for .ARM.Collect$$rtentry$$0000000B
    __rtentry2.o(.ARM.exidx) refers to __rtentry2.o(.ARM.Collect$$rtentry$$0000000D) for .ARM.Collect$$rtentry$$0000000D
    __rtentry4.o(.ARM.Collect$$rtentry$$00000004) refers to sys_stackheap_outer.o(.text) for __user_setup_stackheap
    __rtentry4.o(.ARM.exidx) refers to __rtentry4.o(.ARM.Collect$$rtentry$$00000004) for .ARM.Collect$$rtentry$$00000004
    rt_div0.o(.text) refers to defsig_fpe_outer.o(.text) for __rt_SIGFPE
    __printf_nopercent.o(.text) refers to __printf_nopercent.o(i.__ARM_common_call_via_r7) for __ARM_common_call_via_r7
    __printf_nopercent.o(.text) refers to __printf_nopercent.o(i.__ARM_common_call_via_r5) for __ARM_common_call_via_r5
    argv_veneer.o(.emb_text) refers to no_argv.o(.text) for __ARM_get_argv
    sys_stackheap_outer.o(.text) refers to libspace.o(.text) for __user_perproc_libspace
    sys_stackheap_outer.o(.text) refers to startup.o(.text) for __user_initial_stackheap
    exit.o(.text) refers to rtexit.o(.ARM.Collect$$rtexit$$00000000) for __rt_exit
    defsig_fpe_outer.o(.text) refers to defsig_fpe_inner.o(.text) for __rt_SIGFPE_inner
    defsig_fpe_outer.o(.text) refers to defsig_exit.o(.text) for __sig_exit
    defsig_fpe_formal.o(.text) refers to rt_raise.o(.text) for __rt_raise
    _get_argv_nomalloc.o(.text) refers (Special) to hrguard.o(.text) for __heap_region$guard
    _get_argv_nomalloc.o(.text) refers to defsig_rtmem_outer.o(.text) for __rt_SIGRTMEM
    _get_argv_nomalloc.o(.text) refers to sys_command.o(.text) for _sys_command_string
    libinit.o(.ARM.Collect$$libinit$$00000000) refers (Special) to libinit2.o(.ARM.Collect$$libinit$$0000002E) for __rt_lib_init_alloca_1
    libinit.o(.ARM.Collect$$libinit$$00000000) refers (Special) to libinit2.o(.ARM.Collect$$libinit$$0000002C) for __rt_lib_init_argv_1
    libinit.o(.ARM.Collect$$libinit$$00000000) refers (Special) to libinit2.o(.ARM.Collect$$libinit$$0000001B) for __rt_lib_init_atexit_1
    libinit.o(.ARM.Collect$$libinit$$00000000) refers (Special) to libinit2.o(.ARM.Collect$$libinit$$00000021) for __rt_lib_init_clock_1
    libinit.o(.ARM.Collect$$libinit$$00000000) refers (Special) to libinit2.o(.ARM.Collect$$libinit$$00000032) for __rt_lib_init_cpp_1
    libinit.o(.ARM.Collect$$libinit$$00000000) refers (Special) to libinit2.o(.ARM.Collect$$libinit$$00000030) for __rt_lib_init_exceptions_1
    libinit.o(.ARM.Collect$$libinit$$00000000) refers (Special) to libinit2.o(.ARM.Collect$$libinit$$00000002) for __rt_lib_init_fp_1
    libinit.o(.ARM.Collect$$libinit$$00000000) refers (Special) to libinit2.o(.ARM.Collect$$libinit$$0000001F) for __rt_lib_init_fp_trap_1
    libinit.o(.ARM.Collect$$libinit$$00000000) refers (Special) to libinit2.o(.ARM.Collect$$libinit$$00000023) for __rt_lib_init_getenv_1
    libinit.o(.ARM.Collect$$libinit$$00000000) refers (Special) to libinit2.o(.ARM.Collect$$libinit$$0000000A) for __rt_lib_init_heap_1
    libinit.o(.ARM.Collect$$libinit$$00000000) refers (Special) to libinit2.o(.ARM.Collect$$libinit$$00000011) for __rt_lib_init_lc_collate_1
    libinit.o(.ARM.Collect$$libinit$$00000000) refers (Special) to libinit2.o(.ARM.Collect$$libinit$$00000013) for __rt_lib_init_lc_ctype_1
    libinit.o(.ARM.Collect$$libinit$$00000000) refers (Special) to libinit2.o(.ARM.Collect$$libinit$$00000015) for __rt_lib_init_lc_monetary_1
    libinit.o(.ARM.Collect$$libinit$$00000000) refers (Special) to libinit2.o(.ARM.Collect$$libinit$$00000017) for __rt_lib_init_lc_numeric_1
    libinit.o(.ARM.Collect$$libinit$$00000000) refers (Special) to libinit2.o(.ARM.Collect$$libinit$$00000019) for __rt_lib_init_lc_time_1
    libinit.o(.ARM.Collect$$libinit$$00000000) refers (Special) to libinit2.o(.ARM.Collect$$libinit$$00000004) for __rt_lib_init_preinit_1
    libinit.o(.ARM.Collect$$libinit$$00000000) refers (Special) to libinit2.o(.ARM.Collect$$libinit$$0000000E) for __rt_lib_init_rand_1
    libinit.o(.ARM.Collect$$libinit$$00000000) refers (Special) to libinit2.o(.ARM.Collect$$libinit$$00000033) for __rt_lib_init_return
    libinit.o(.ARM.Collect$$libinit$$00000000) refers (Special) to libinit2.o(.ARM.Collect$$libinit$$0000001D) for __rt_lib_init_signal_1
    libinit.o(.ARM.Collect$$libinit$$00000000) refers (Special) to libinit2.o(.ARM.Collect$$libinit$$00000025) for __rt_lib_init_stdio_1
    libinit.o(.ARM.Collect$$libinit$$00000000) refers (Special) to libinit2.o(.ARM.Collect$$libinit$$0000000C) for __rt_lib_init_user_alloc_1
    sys_command.o(.text) refers (Special) to use_no_semi.o(.text) for __I$use$semihosting
    sys_command.o(.text) refers (Special) to indicate_semi.o(.text) for __semihosting_library_function
    libspace.o(.text) refers to libspace.o(.bss) for __libspace_start
    rtexit.o(.ARM.Collect$$rtexit$$00000000) refers (Special) to rtexit2.o(.ARM.Collect$$rtexit$$00000004) for __rt_exit_exit
    rtexit.o(.ARM.Collect$$rtexit$$00000000) refers (Special) to rtexit2.o(.ARM.Collect$$rtexit$$00000003) for __rt_exit_ls
    rtexit.o(.ARM.Collect$$rtexit$$00000000) refers (Special) to rtexit2.o(.ARM.Collect$$rtexit$$00000002) for __rt_exit_prels_1
    rtexit.o(.ARM.exidx) refers (Special) to rtexit2.o(.ARM.Collect$$rtexit$$00000004) for __rt_exit_exit
    rtexit.o(.ARM.exidx) refers (Special) to rtexit2.o(.ARM.Collect$$rtexit$$00000003) for __rt_exit_ls
    rtexit.o(.ARM.exidx) refers (Special) to rtexit2.o(.ARM.Collect$$rtexit$$00000002) for __rt_exit_prels_1
    rtexit.o(.ARM.exidx) refers to rtexit.o(.ARM.Collect$$rtexit$$00000000) for .ARM.Collect$$rtexit$$00000000
    rt_raise.o(.text) refers to __raise.o(.text) for __raise
    rt_raise.o(.text) refers to sys_exit.o(.text) for _sys_exit
    defsig_exit.o(.text) refers to sys_exit.o(.text) for _sys_exit
    defsig_fpe_inner.o(.text) refers to defsig_general.o(.text) for __default_signal_display
    defsig_rtmem_outer.o(.text) refers to defsig_rtmem_inner.o(.text) for __rt_SIGRTMEM_inner
    defsig_rtmem_outer.o(.text) refers to defsig_exit.o(.text) for __sig_exit
    defsig_rtmem_formal.o(.text) refers to rt_raise.o(.text) for __rt_raise
    sys_exit.o(.text) refers (Special) to use_no_semi.o(.text) for __I$use$semihosting
    sys_exit.o(.text) refers (Special) to indicate_semi.o(.text) for __semihosting_library_function
    rtexit2.o(.ARM.Collect$$rtexit$$00000003) refers to libshutdown.o(.ARM.Collect$$libshutdown$$00000000) for __rt_lib_shutdown
    rtexit2.o(.ARM.Collect$$rtexit$$00000004) refers to sys_exit.o(.text) for _sys_exit
    rtexit2.o(.ARM.exidx) refers to rtexit2.o(.ARM.Collect$$rtexit$$00000001) for .ARM.Collect$$rtexit$$00000001
    rtexit2.o(.ARM.exidx) refers to rtexit2.o(.ARM.Collect$$rtexit$$00000003) for .ARM.Collect$$rtexit$$00000003
    rtexit2.o(.ARM.exidx) refers to rtexit2.o(.ARM.Collect$$rtexit$$00000004) for .ARM.Collect$$rtexit$$00000004
    __raise.o(.text) refers to __printf.o(i.__ARM_common_call_via_r2) for __ARM_common_call_via_r2
    __raise.o(.text) refers to defsig.o(CL$$defsig) for __default_signal_handler
    defsig_general.o(.text) refers to sys_wrch.o(.text) for _ttywrch
    defsig_rtmem_inner.o(.text) refers to defsig_general.o(.text) for __default_signal_display
    sys_wrch.o(.text) refers (Special) to use_no_semi.o(.text) for __I$use$semihosting
    sys_wrch.o(.text) refers (Special) to indicate_semi.o(.text) for __semihosting_library_function
    defsig.o(CL$$defsig) refers to defsig_fpe_inner.o(.text) for __rt_SIGFPE_inner
    defsig.o(CL$$defsig) refers to defsig_rtmem_inner.o(.text) for __rt_SIGRTMEM_inner
    libshutdown.o(.ARM.Collect$$libshutdown$$00000000) refers (Special) to libshutdown2.o(.ARM.Collect$$libshutdown$$00000002) for __rt_lib_shutdown_cpp_1
    libshutdown.o(.ARM.Collect$$libshutdown$$00000000) refers (Special) to libshutdown2.o(.ARM.Collect$$libshutdown$$00000007) for __rt_lib_shutdown_fp_trap_1
    libshutdown.o(.ARM.Collect$$libshutdown$$00000000) refers (Special) to libshutdown2.o(.ARM.Collect$$libshutdown$$0000000F) for __rt_lib_shutdown_heap_1
    libshutdown.o(.ARM.Collect$$libshutdown$$00000000) refers (Special) to libshutdown2.o(.ARM.Collect$$libshutdown$$00000010) for __rt_lib_shutdown_return
    libshutdown.o(.ARM.Collect$$libshutdown$$00000000) refers (Special) to libshutdown2.o(.ARM.Collect$$libshutdown$$0000000A) for __rt_lib_shutdown_signal_1
    libshutdown.o(.ARM.Collect$$libshutdown$$00000000) refers (Special) to libshutdown2.o(.ARM.Collect$$libshutdown$$00000004) for __rt_lib_shutdown_stdio_1
    libshutdown.o(.ARM.Collect$$libshutdown$$00000000) refers (Special) to libshutdown2.o(.ARM.Collect$$libshutdown$$0000000C) for __rt_lib_shutdown_user_alloc_1
    defsig_abrt_inner.o(.text) refers to defsig_general.o(.text) for __default_signal_display
    defsig_rtred_inner.o(.text) refers to defsig_general.o(.text) for __default_signal_display
    defsig_stak_inner.o(.text) refers to defsig_general.o(.text) for __default_signal_display
    defsig_pvfn_inner.o(.text) refers to defsig_general.o(.text) for __default_signal_display
    defsig_cppl_inner.o(.text) refers to defsig_general.o(.text) for __default_signal_display
    defsig_segv_inner.o(.text) refers to defsig_general.o(.text) for __default_signal_display
    defsig_other.o(.text) refers to defsig_general.o(.text) for __default_signal_display


==============================================================================

Removing Unused input sections from the image.

    Removing main.o(i.ResetPixel), (72 bytes).
    Removing lpc213x_lib.o(i.ADC_GetDualModeConversionValue), (24 bytes).
    Removing lpc213x_lib.o(i.ADC_GetSoftwareStartConvStatus), (16 bytes).
    Removing lpc213x_lib.o(i.ADC_Init), (116 bytes).
    Removing lpc213x_lib.o(i.ADC_SoftwareStartConvCmd), (912 bytes).
    Removing lpc213x_lib.o(i.EXTI_ClearITPendingBit), (16 bytes).
    Removing lpc213x_lib.o(i.EXTI_Cmd), (48 bytes).
    Removing lpc213x_lib.o(i.EXTI_Init), (56 bytes).
    Removing lpc213x_lib.o(i.GPIO_ReadPin), (36 bytes).
    Removing lpc213x_lib.o(i.GPIO_TogglePin), (28 bytes).
    Removing lpc213x_lib.o(i.PWM_BaseInit), (116 bytes).
    Removing lpc213x_lib.o(i.PWM_Cmd), (68 bytes).
    Removing lpc213x_lib.o(i.PWM_SetCompare), (212 bytes).
    Removing lpc213x_lib.o(i.PWM_SetMode), (68 bytes).
    Removing lpc213x_lib.o(i.PWM_Start), (376 bytes).
    Removing lpc213x_lib.o(i.PWM_Stop), (36 bytes).
    Removing lpc213x_lib.o(i.RTC_ClearITPendingBit), (20 bytes).
    Removing lpc213x_lib.o(i.RTC_Cmd), (52 bytes).
    Removing lpc213x_lib.o(i.RTC_GetDate), (108 bytes).
    Removing lpc213x_lib.o(i.RTC_GetITStatus), (48 bytes).
    Removing lpc213x_lib.o(i.RTC_GetTime), (76 bytes).
    Removing lpc213x_lib.o(i.RTC_ITConfig), (160 bytes).
    Removing lpc213x_lib.o(i.RTC_Init), (112 bytes).
    Removing lpc213x_lib.o(i.RTC_SetDate), (232 bytes).
    Removing lpc213x_lib.o(i.RTC_SetTime), (56 bytes).
    Removing lpc213x_lib.o(i.SPI_ClearITPendingBit), (12 bytes).
    Removing lpc213x_lib.o(i.SPI_GetStatus), (36 bytes).
    Removing lpc213x_lib.o(i.SPI_ReadByte), (36 bytes).
    Removing lpc213x_lib.o(i.TIM_BaseInit), (20 bytes).
    Removing lpc213x_lib.o(i.TIM_ClearITPendingBit), (16 bytes).
    Removing lpc213x_lib.o(i.TIM_Cmd), (40 bytes).
    Removing lpc213x_lib.o(i.TIM_GetITStatus), (40 bytes).
    Removing lpc213x_lib.o(i.TIM_MCInit), (140 bytes).
    Removing lpc213x_lib.o(i.WDG_Enable), (40 bytes).
    Removing lpc213x_lib.o(i.WDG_Feed), (40 bytes).
    Removing lpc213x_lib.o(i.WDG_Init), (40 bytes).
    Removing lpc213x_lib.o(.constdata), (52 bytes).
    Removing lpc213x_lib.o(.data), (12 bytes).

38 unused section(s) (total 3588 bytes) removed from the image.

==============================================================================

Adding Veneers to the image

    Adding TA veneer (4 bytes, Inline) for call to '_printf_percent' from __printf.o(.text).
    Adding AT veneer (8 bytes, Inline) for call to '__rt_lib_init' from __rtentry2.o(.ARM.Collect$$rtentry$$0000000A).
    Adding AT veneer (8 bytes, Inline) for call to '__rt_lib_shutdown' from rtexit2.o(.ARM.Collect$$rtexit$$00000003).
    Adding TA veneer (4 bytes, Inline) for call to '__rt_exit' from exit.o(.text).
    Adding AT veneer (8 bytes, Inline) for call to 'rand' from main.o(i.New_Food).
    Adding AT veneer (8 bytes, Inline) for call to '__2sprintf' from main.o(i.Food_Update).
    Adding AT veneer (8 bytes, Inline) for call to '_printf_int_dec' from _printf_d.o(.ARM.Collect$$_printf_percent$$00000009).
    Adding AT veneer (8 bytes, Inline) for call to 'srand' from main.o(i.main).
    Adding TA veneer (4 bytes, Inline) for call to '__rt_udiv10' from _printf_dec.o(.text).
    Adding AT veneer (8 bytes, Inline) for call to '_sys_exit' from rtexit2.o(.ARM.Collect$$rtexit$$00000004).

10 Veneer(s) (total 68 bytes) added to the image.

==============================================================================

Image Symbol Table

    Local Symbols

    Symbol Name                              Value     Ov Type        Size  Object(Section)

    RESET                                    0x00000000   Section      288  startup.o(RESET)
    ../clib/angel/boardlib.s                 0x00000000   Number         0  boardinit3.o ABSOLUTE
    ../clib/angel/boardlib.s                 0x00000000   Number         0  boardinit2.o ABSOLUTE
    ../clib/angel/boardlib.s                 0x00000000   Number         0  boardinit1.o ABSOLUTE
    ../clib/angel/boardlib.s                 0x00000000   Number         0  boardshut.o ABSOLUTE
    ../clib/angel/dczerorl.s                 0x00000000   Number         0  __dczerorl.o ABSOLUTE
    ../clib/angel/handlers.s                 0x00000000   Number         0  __scatter_zi.o ABSOLUTE
    ../clib/angel/kernel.s                   0x00000000   Number         0  rtexit.o ABSOLUTE
    ../clib/angel/kernel.s                   0x00000000   Number         0  __rtentry.o ABSOLUTE
    ../clib/angel/kernel.s                   0x00000000   Number         0  __rtentry2.o ABSOLUTE
    ../clib/angel/kernel.s                   0x00000000   Number         0  rtexit2.o ABSOLUTE
    ../clib/angel/kernel.s                   0x00000000   Number         0  __rtentry4.o ABSOLUTE
    ../clib/angel/rt.s                       0x00000000   Number         0  rt_raise.o ABSOLUTE
    ../clib/angel/rt.s                       0x00000000   Number         0  aeabi_idiv0.o ABSOLUTE
    ../clib/angel/rt.s                       0x00000000   Number         0  aeabi_idiv0_sigfpe.o ABSOLUTE
    ../clib/angel/rt.s                       0x00000000   Number         0  rt_div0.o ABSOLUTE
    ../clib/angel/scatter.s                  0x00000000   Number         0  __scatter.o ABSOLUTE
    ../clib/angel/startup.s                  0x00000000   Number         0  __main.o ABSOLUTE
    ../clib/angel/sys.s                      0x00000000   Number         0  libspace.o ABSOLUTE
    ../clib/angel/sys.s                      0x00000000   Number         0  sys_stackheap_outer.o ABSOLUTE
    ../clib/angel/sys.s                      0x00000000   Number         0  indicate_semi.o ABSOLUTE
    ../clib/angel/sys.s                      0x00000000   Number         0  use_no_semi.o ABSOLUTE
    ../clib/angel/sysapp.c                   0x00000000   Number         0  sys_exit.o ABSOLUTE
    ../clib/angel/sysapp.c                   0x00000000   Number         0  sys_command.o ABSOLUTE
    ../clib/angel/sysapp.c                   0x00000000   Number         0  sys_wrch.o ABSOLUTE
    ../clib/armsys.c                         0x00000000   Number         0  no_argv.o ABSOLUTE
    ../clib/armsys.c                         0x00000000   Number         0  _get_argv_nomalloc.o ABSOLUTE
    ../clib/armsys.c                         0x00000000   Number         0  argv_veneer.o ABSOLUTE
    ../clib/armsys.c                         0x00000000   Number         0  argv_veneer.o ABSOLUTE
    ../clib/division.s                       0x00000000   Number         0  aeabi_sdiv_div0.o ABSOLUTE
    ../clib/division.s                       0x00000000   Number         0  rtudiv10.o ABSOLUTE
    ../clib/division.s                       0x00000000   Number         0  aeabi_sdiv.o ABSOLUTE
    ../clib/divrt.s                          0x00000000   Number         0  divrt_7tdmi_div0.o ABSOLUTE
    ../clib/divrt.s                          0x00000000   Number         0  divrt_7tdmi.o ABSOLUTE
    ../clib/heapalloc.c                      0x00000000   Number         0  hrguard.o ABSOLUTE
    ../clib/heapaux.c                        0x00000000   Number         0  heapauxi.o ABSOLUTE
    ../clib/libinit.s                        0x00000000   Number         0  libshutdown.o ABSOLUTE
    ../clib/libinit.s                        0x00000000   Number         0  libshutdown2.o ABSOLUTE
    ../clib/libinit.s                        0x00000000   Number         0  libinit.o ABSOLUTE
    ../clib/libinit.s                        0x00000000   Number         0  libinit2.o ABSOLUTE
    ../clib/memcpset.s                       0x00000000   Number         0  rt_memcpy_w.o ABSOLUTE
    ../clib/memcpset.s                       0x00000000   Number         0  rt_memclr_w.o ABSOLUTE
    ../clib/printf.c                         0x00000000   Number         0  __printf_nopercent.o ABSOLUTE
    ../clib/printf.c                         0x00000000   Number         0  _sputc.o ABSOLUTE
    ../clib/printf.c                         0x00000000   Number         0  __printf_ss_wp.o ABSOLUTE
    ../clib/printf.c                         0x00000000   Number         0  __printf_flags_wp.o ABSOLUTE
    ../clib/printf.c                         0x00000000   Number         0  __printf_wp.o ABSOLUTE
    ../clib/printf.c                         0x00000000   Number         0  __printf_flags_ss.o ABSOLUTE
    ../clib/printf.c                         0x00000000   Number         0  __printf_flags_ss_wp.o ABSOLUTE
    ../clib/printf.c                         0x00000000   Number         0  __printf_ss.o ABSOLUTE
    ../clib/printf.c                         0x00000000   Number         0  __printf_flags.o ABSOLUTE
    ../clib/printf.c                         0x00000000   Number         0  _printf_dec.o ABSOLUTE
    ../clib/printf.c                         0x00000000   Number         0  _printf_char_common.o ABSOLUTE
    ../clib/printf.c                         0x00000000   Number         0  __printf.o ABSOLUTE
    ../clib/printf.c                         0x00000000   Number         0  __2sprintf.o ABSOLUTE
    ../clib/printf.c                         0x00000000   Number         0  _printf_intcommon.o ABSOLUTE
    ../clib/printf.c                         0x00000000   Number         0  noretval__2sprintf.o ABSOLUTE
    ../clib/printf_percent.s                 0x00000000   Number         0  _printf_percent.o ABSOLUTE
    ../clib/printf_percent.s                 0x00000000   Number         0  _printf_d.o ABSOLUTE
    ../clib/printf_percent.s                 0x00000000   Number         0  _printf_percent_end.o ABSOLUTE
    ../clib/signal.c                         0x00000000   Number         0  defsig_segv_inner.o ABSOLUTE
    ../clib/signal.c                         0x00000000   Number         0  defsig_pvfn_inner.o ABSOLUTE
    ../clib/signal.c                         0x00000000   Number         0  defsig_stak_inner.o ABSOLUTE
    ../clib/signal.c                         0x00000000   Number         0  defsig_rtred_inner.o ABSOLUTE
    ../clib/signal.c                         0x00000000   Number         0  defsig_abrt_inner.o ABSOLUTE
    ../clib/signal.c                         0x00000000   Number         0  defsig_rtmem_inner.o ABSOLUTE
    ../clib/signal.c                         0x00000000   Number         0  defsig_general.o ABSOLUTE
    ../clib/signal.c                         0x00000000   Number         0  __raise.o ABSOLUTE
    ../clib/signal.c                         0x00000000   Number         0  defsig_rtmem_formal.o ABSOLUTE
    ../clib/signal.c                         0x00000000   Number         0  defsig_rtmem_outer.o ABSOLUTE
    ../clib/signal.c                         0x00000000   Number         0  defsig_fpe_inner.o ABSOLUTE
    ../clib/signal.c                         0x00000000   Number         0  defsig_exit.o ABSOLUTE
    ../clib/signal.c                         0x00000000   Number         0  defsig_fpe_outer.o ABSOLUTE
    ../clib/signal.c                         0x00000000   Number         0  defsig_fpe_formal.o ABSOLUTE
    ../clib/signal.c                         0x00000000   Number         0  defsig_cppl_inner.o ABSOLUTE
    ../clib/signal.c                         0x00000000   Number         0  defsig_other.o ABSOLUTE
    ../clib/signal.s                         0x00000000   Number         0  defsig.o ABSOLUTE
    ../clib/stdlib.c                         0x00000000   Number         0  exit.o ABSOLUTE
    ../clib/stdlib.c                         0x00000000   Number         0  rand.o ABSOLUTE
    ../clib/stdlib.c                         0x00000000   Number         0  rand.o ABSOLUTE
    ../fplib/fpinit.s                        0x00000000   Number         0  fpinit.o ABSOLUTE
    ..\Src\LPC213x_LIB.c                     0x00000000   Number         0  lpc213x_lib.o ABSOLUTE
    ..\System\Startup.s                      0x00000000   Number         0  startup.o ABSOLUTE
    ..\User\main.c                           0x00000000   Number         0  main.o ABSOLUTE
    dc.s                                     0x00000000   Number         0  dc.o ABSOLUTE
    Undef_Handler                            0x00000040   ARM Code       4  startup.o(RESET)
    SWI_Handler                              0x00000044   ARM Code       4  startup.o(RESET)
    PAbt_Handler                             0x00000048   ARM Code       4  startup.o(RESET)
    DAbt_Handler                             0x0000004c   ARM Code       4  startup.o(RESET)
    IRQ_Handler                              0x00000050   ARM Code       4  startup.o(RESET)
    FIQ_Handler                              0x00000054   ARM Code       4  startup.o(RESET)
    !!!main                                  0x00000120   Section        8  __main.o(!!!main)
    !!!scatter                               0x00000128   Section       60  __scatter.o(!!!scatter)
    !!dczerorl                               0x00000164   Section       68  __dczerorl.o(!!dczerorl)
    !!handler_zi                             0x000001a8   Section       44  __scatter_zi.o(!!handler_zi)
    .ARM.Collect$$_printf_percent$$00000000  0x000001d8   Section        0  _printf_percent.o(.ARM.Collect$$_printf_percent$$00000000)
    .ARM.Collect$$_printf_percent$$00000009  0x000001d8   Section        8  _printf_d.o(.ARM.Collect$$_printf_percent$$00000009)
    .ARM.Collect$$_printf_percent$$00000017  0x000001e0   Section        8  _printf_percent_end.o(.ARM.Collect$$_printf_percent$$00000017)
    .ARM.Collect$$libinit$$00000000          0x000001f0   Section        2  libinit.o(.ARM.Collect$$libinit$$00000000)
    .ARM.Collect$$libinit$$00000002          0x000001f2   Section        0  libinit2.o(.ARM.Collect$$libinit$$00000002)
    .ARM.Collect$$libinit$$00000004          0x000001f2   Section        0  libinit2.o(.ARM.Collect$$libinit$$00000004)
    .ARM.Collect$$libinit$$0000000A          0x000001f2   Section        0  libinit2.o(.ARM.Collect$$libinit$$0000000A)
    .ARM.Collect$$libinit$$0000000C          0x000001f2   Section        0  libinit2.o(.ARM.Collect$$libinit$$0000000C)
    .ARM.Collect$$libinit$$0000000D          0x000001f2   Section        4  libinit2.o(.ARM.Collect$$libinit$$0000000D)
    .ARM.Collect$$libinit$$0000000E          0x000001f6   Section        0  libinit2.o(.ARM.Collect$$libinit$$0000000E)
    .ARM.Collect$$libinit$$00000011          0x000001f6   Section        0  libinit2.o(.ARM.Collect$$libinit$$00000011)
    .ARM.Collect$$libinit$$00000013          0x000001f6   Section        0  libinit2.o(.ARM.Collect$$libinit$$00000013)
    .ARM.Collect$$libinit$$00000015          0x000001f6   Section        0  libinit2.o(.ARM.Collect$$libinit$$00000015)
    .ARM.Collect$$libinit$$00000017          0x000001f6   Section        0  libinit2.o(.ARM.Collect$$libinit$$00000017)
    .ARM.Collect$$libinit$$00000019          0x000001f6   Section        0  libinit2.o(.ARM.Collect$$libinit$$00000019)
    .ARM.Collect$$libinit$$0000001B          0x000001f6   Section        0  libinit2.o(.ARM.Collect$$libinit$$0000001B)
    .ARM.Collect$$libinit$$0000001D          0x000001f6   Section        0  libinit2.o(.ARM.Collect$$libinit$$0000001D)
    .ARM.Collect$$libinit$$0000001F          0x000001f6   Section        0  libinit2.o(.ARM.Collect$$libinit$$0000001F)
    .ARM.Collect$$libinit$$00000021          0x000001f6   Section        0  libinit2.o(.ARM.Collect$$libinit$$00000021)
    .ARM.Collect$$libinit$$00000023          0x000001f6   Section        0  libinit2.o(.ARM.Collect$$libinit$$00000023)
    .ARM.Collect$$libinit$$00000025          0x000001f6   Section        0  libinit2.o(.ARM.Collect$$libinit$$00000025)
    .ARM.Collect$$libinit$$0000002C          0x000001f6   Section        0  libinit2.o(.ARM.Collect$$libinit$$0000002C)
    .ARM.Collect$$libinit$$0000002E          0x000001f6   Section        0  libinit2.o(.ARM.Collect$$libinit$$0000002E)
    .ARM.Collect$$libinit$$00000030          0x000001f6   Section        0  libinit2.o(.ARM.Collect$$libinit$$00000030)
    .ARM.Collect$$libinit$$00000032          0x000001f6   Section        0  libinit2.o(.ARM.Collect$$libinit$$00000032)
    .ARM.Collect$$libinit$$00000033          0x000001f6   Section       12  libinit2.o(.ARM.Collect$$libinit$$00000033)
    .ARM.Collect$$libshutdown$$00000000      0x0000020c   Section        4  libshutdown.o(.ARM.Collect$$libshutdown$$00000000)
    .ARM.Collect$$libshutdown$$00000002      0x00000210   Section        0  libshutdown2.o(.ARM.Collect$$libshutdown$$00000002)
    .ARM.Collect$$libshutdown$$00000004      0x00000210   Section        0  libshutdown2.o(.ARM.Collect$$libshutdown$$00000004)
    .ARM.Collect$$libshutdown$$00000007      0x00000210   Section        0  libshutdown2.o(.ARM.Collect$$libshutdown$$00000007)
    .ARM.Collect$$libshutdown$$0000000A      0x00000210   Section        0  libshutdown2.o(.ARM.Collect$$libshutdown$$0000000A)
    .ARM.Collect$$libshutdown$$0000000C      0x00000210   Section        0  libshutdown2.o(.ARM.Collect$$libshutdown$$0000000C)
    .ARM.Collect$$libshutdown$$0000000F      0x00000210   Section        0  libshutdown2.o(.ARM.Collect$$libshutdown$$0000000F)
    .ARM.Collect$$libshutdown$$00000010      0x00000210   Section        6  libshutdown2.o(.ARM.Collect$$libshutdown$$00000010)
    .ARM.Collect$$rtentry$$00000000          0x00000218   Section        0  __rtentry.o(.ARM.Collect$$rtentry$$00000000)
    .ARM.Collect$$rtentry$$00000002          0x00000218   Section        0  __rtentry2.o(.ARM.Collect$$rtentry$$00000002)
    .ARM.Collect$$rtentry$$00000004          0x00000218   Section        8  __rtentry4.o(.ARM.Collect$$rtentry$$00000004)
    .ARM.Collect$$rtentry$$00000009          0x00000220   Section        0  __rtentry2.o(.ARM.Collect$$rtentry$$00000009)
    .ARM.Collect$$rtentry$$0000000A          0x00000220   Section        4  __rtentry2.o(.ARM.Collect$$rtentry$$0000000A)
    .ARM.Collect$$rtentry$$0000000C          0x00000224   Section        0  __rtentry2.o(.ARM.Collect$$rtentry$$0000000C)
    .ARM.Collect$$rtentry$$0000000D          0x00000224   Section       40  __rtentry2.o(.ARM.Collect$$rtentry$$0000000D)
    .ARM.Collect$$rtexit$$00000000           0x00000250   Section        4  rtexit.o(.ARM.Collect$$rtexit$$00000000)
    .ARM.Collect$$rtexit$$00000002           0x00000254   Section        0  rtexit2.o(.ARM.Collect$$rtexit$$00000002)
    .ARM.Collect$$rtexit$$00000003           0x00000254   Section        4  rtexit2.o(.ARM.Collect$$rtexit$$00000003)
    .ARM.Collect$$rtexit$$00000004           0x00000258   Section        8  rtexit2.o(.ARM.Collect$$rtexit$$00000004)
    .emb_text                                0x00000268   Section       56  rand.o(.emb_text)
    .text                                    0x000002a0   Section       32  startup.o(.text)
    .text                                    0x000002c8   Section        0  noretval__2sprintf.o(.text)
    .text                                    0x000002f0   Section        0  __printf.o(.text)
    .text                                    0x00000370   Section        0  _printf_dec.o(.text)
    .text                                    0x000003e8   Section        0  rand.o(.text)
    .text                                    0x00000428   Section      100  rt_memcpy_w.o(.text)
    .text                                    0x0000048c   Section       84  rt_memclr_w.o(.text)
    .text                                    0x000004e0   Section      384  aeabi_sdiv.o(.text)
    __arm_div8                               0x0000050c   ARM Code       0  aeabi_sdiv.o(.text)
    __arm_div5                               0x00000530   ARM Code       0  aeabi_sdiv.o(.text)
    __arm_div2                               0x00000554   ARM Code       0  aeabi_sdiv.o(.text)
    __arm_div_large                          0x00000590   ARM Code       0  aeabi_sdiv.o(.text)
    .text                                    0x00000660   Section        0  heapauxi.o(.text)
    .text                                    0x00000666   Section        0  _printf_intcommon.o(.text)
    .text                                    0x00000720   Section        0  _printf_char_common.o(.text)
    _printf_input_char                       0x00000721   Thumb Code    10  _printf_char_common.o(.text)
    .text                                    0x00000750   Section        0  _sputc.o(.text)
    .text                                    0x00000760   Section       44  rtudiv10.o(.text)
    .text                                    0x0000078c   Section       96  sys_stackheap_outer.o(.text)
    .text                                    0x000007ec   Section        0  exit.o(.text)
    .text                                    0x00000800   Section       12  libspace.o(.text)
    .text                                    0x00000814   Section        0  sys_exit.o(.text)
    .text                                    0x00000820   Section        4  use_no_semi.o(.text)
    .text                                    0x00000824   Section        0  indicate_semi.o(.text)
    .text_udiv                               0x00000824   Section       36  aeabi_sdiv.o(.text_udiv)
    i.ClearScreen                            0x00000848   Section        0  main.o(i.ClearScreen)
    i.Collision_Chack                        0x00000870   Section        0  main.o(i.Collision_Chack)
    i.Food_Update                            0x00000924   Section        0  main.o(i.Food_Update)
    i.GPIO_Init                              0x00000ba0   Section        0  lpc213x_lib.o(i.GPIO_Init)
    i.GPIO_WritePin                          0x00000e9c   Section        0  lpc213x_lib.o(i.GPIO_WritePin)
    i.Game_Draw                              0x00000eb4   Section        0  main.o(i.Game_Draw)
    i.Game_Init                              0x00000f48   Section        0  main.o(i.Game_Init)
    i.Game_Update                            0x0000103c   Section        0  main.o(i.Game_Update)
    i.New_Food                               0x0000116c   Section        0  main.o(i.New_Food)
    i.SPI_Init                               0x00001240   Section        0  lpc213x_lib.o(i.SPI_Init)
    i.SPI_WriteByte                          0x000012c8   Section        0  lpc213x_lib.o(i.SPI_WriteByte)
    i.SetPixel                               0x000012e4   Section        0  main.o(i.SetPixel)
    i.ShowPicture                            0x0000132c   Section        0  main.o(i.ShowPicture)
    i.Snack_Move                             0x00001358   Section        0  main.o(i.Snack_Move)
    i.UART0_CallBack                         0x0000169c   Section        0  main.o(i.UART0_CallBack)
    i.UART_Cmd                               0x000016dc   Section        0  lpc213x_lib.o(i.UART_Cmd)
    i.UART_GetITStatus                       0x000016fc   Section        0  lpc213x_lib.o(i.UART_GetITStatus)
    i.UART_ITConfig                          0x00001720   Section        0  lpc213x_lib.o(i.UART_ITConfig)
    i.UART_Init                              0x00001764   Section        0  lpc213x_lib.o(i.UART_Init)
    i.UART_ReceiveData                       0x00001844   Section        0  lpc213x_lib.o(i.UART_ReceiveData)
    i.UART_SendData                          0x00001854   Section        0  lpc213x_lib.o(i.UART_SendData)
    i.VIC_Init                               0x00001870   Section        0  lpc213x_lib.o(i.VIC_Init)
    i.__ARM_common_call_via_r1               0x000018d0   Section        0  __printf.o(i.__ARM_common_call_via_r1)
    i.__ARM_common_call_via_r2               0x000018d2   Section        0  __printf.o(i.__ARM_common_call_via_r2)
    i.delay                                  0x000018d4   Section        0  lpc213x_lib.o(i.delay)
    i.delay_us                               0x00001908   Section        0  lpc213x_lib.o(i.delay_us)
    i.display                                0x00001938   Section        0  main.o(i.display)
    i.main                                   0x00001ae4   Section        0  main.o(i.main)
    .constdata                               0x00001cfc   Section       82  main.o(.constdata)
    .data                                    0x40000000   Section      313  main.o(.data)
    .bss                                     0x4000013c   Section    12416  main.o(.bss)
    .bss                                     0x400031bc   Section      228  rand.o(.bss)
    .bss                                     0x400032a0   Section       96  libspace.o(.bss)
    HEAP                                     0x40003300   Section        0  startup.o(HEAP)
    STACK                                    0x40003300   Section     1160  startup.o(STACK)
    Heap_Mem                                 0x40003300   Data           0  startup.o(HEAP)
    Stack_Mem                                0x40003300   Data        1024  startup.o(STACK)
    Stack_Top                                0x40003788   Data           0  startup.o(STACK)

    Global Symbols

    Symbol Name                              Value     Ov Type        Size  Object(Section)

    BuildAttributes$$THM_ISAv1$ARM_ISAv4$S$PE$A:L22$X:L11$S22$IEEE1$IW$USESV6$~STKCKD$USESV7$~SHL$OSPACE$ROPI$EBA8$UX$STANDARDLIB$REQ8$PRES8$EABIv2 0x00000000   Number         0  anon$$obj.o ABSOLUTE
    __ARM_use_no_argv                        0x00000000   Number         0  main.o ABSOLUTE
    __ARM_exceptions_init                     - Undefined Weak Reference
    __alloca_initialize                       - Undefined Weak Reference
    __arm_preinit_                            - Undefined Weak Reference
    __cpp_initialize__aeabi_                  - Undefined Weak Reference
    __cxa_finalize                            - Undefined Weak Reference
    __rt_locale                               - Undefined Weak Reference
    __sigvec_lookup                           - Undefined Weak Reference
    _atexit_init                              - Undefined Weak Reference
    _call_atexit_fns                          - Undefined Weak Reference
    _clock_init                               - Undefined Weak Reference
    _fp_trap_init                             - Undefined Weak Reference
    _fp_trap_shutdown                         - Undefined Weak Reference
    _get_lc_collate                           - Undefined Weak Reference
    _get_lc_ctype                             - Undefined Weak Reference
    _get_lc_monetary                          - Undefined Weak Reference
    _get_lc_numeric                           - Undefined Weak Reference
    _get_lc_time                              - Undefined Weak Reference
    _getenv_init                              - Undefined Weak Reference
    _handle_redirection                       - Undefined Weak Reference
    _init_alloc                               - Undefined Weak Reference
    _init_user_alloc                          - Undefined Weak Reference
    _initio                                   - Undefined Weak Reference
    _printf_post_padding                      - Undefined Weak Reference
    _printf_pre_padding                       - Undefined Weak Reference
    _printf_truncate_signed                   - Undefined Weak Reference
    _printf_truncate_unsigned                 - Undefined Weak Reference
    _signal_finish                            - Undefined Weak Reference
    _signal_init                              - Undefined Weak Reference
    _terminate_alloc                          - Undefined Weak Reference
    _terminate_user_alloc                     - Undefined Weak Reference
    _terminateio                              - Undefined Weak Reference
    Reset_Handler                            0x00000058   ARM Code       0  startup.o(RESET)
    __main                                   0x00000120   ARM Code       8  __main.o(!!!main)
    __scatterload                            0x00000128   ARM Code       0  __scatter.o(!!!scatter)
    __scatterload_rt2                        0x00000128   ARM Code      52  __scatter.o(!!!scatter)
    __scatterload_null                       0x0000013c   ARM Code       0  __scatter.o(!!!scatter)
    __decompress                             0x00000164   ARM Code      68  __dczerorl.o(!!dczerorl)
    __decompress0                            0x00000164   ARM Code       0  __dczerorl.o(!!dczerorl)
    __scatterload_zeroinit                   0x000001a8   ARM Code      44  __scatter_zi.o(!!handler_zi)
    Inline Thumb to ARM Veneer to _printf_percent 0x000001d5   Thumb Code     4  _printf_percent.o(.ARM.Collect$$_printf_percent$$00000000)
    _printf_d                                0x000001d8   ARM Code       0  _printf_d.o(.ARM.Collect$$_printf_percent$$00000009)
    _printf_percent                          0x000001d8   ARM Code       0  _printf_percent.o(.ARM.Collect$$_printf_percent$$00000000)
    _printf_percent_end                      0x000001e0   ARM Code       0  _printf_percent_end.o(.ARM.Collect$$_printf_percent$$00000017)
    Inline ARM to Thumb Veneer to __rt_lib_init 0x000001e8   ARM Code       8  libinit.o(.ARM.Collect$$libinit$$00000000)
    __rt_lib_init                            0x000001f1   Thumb Code     0  libinit.o(.ARM.Collect$$libinit$$00000000)
    __rt_lib_init_fp_1                       0x000001f3   Thumb Code     0  libinit2.o(.ARM.Collect$$libinit$$00000002)
    __rt_lib_init_heap_1                     0x000001f3   Thumb Code     0  libinit2.o(.ARM.Collect$$libinit$$0000000A)
    __rt_lib_init_preinit_1                  0x000001f3   Thumb Code     0  libinit2.o(.ARM.Collect$$libinit$$00000004)
    __rt_lib_init_rand_2                     0x000001f3   Thumb Code     0  libinit2.o(.ARM.Collect$$libinit$$0000000D)
    __rt_lib_init_user_alloc_1               0x000001f3   Thumb Code     0  libinit2.o(.ARM.Collect$$libinit$$0000000C)
    __rt_lib_init_alloca_1                   0x000001f7   Thumb Code     0  libinit2.o(.ARM.Collect$$libinit$$0000002E)
    __rt_lib_init_argv_1                     0x000001f7   Thumb Code     0  libinit2.o(.ARM.Collect$$libinit$$0000002C)
    __rt_lib_init_atexit_1                   0x000001f7   Thumb Code     0  libinit2.o(.ARM.Collect$$libinit$$0000001B)
    __rt_lib_init_clock_1                    0x000001f7   Thumb Code     0  libinit2.o(.ARM.Collect$$libinit$$00000021)
    __rt_lib_init_cpp_1                      0x000001f7   Thumb Code     0  libinit2.o(.ARM.Collect$$libinit$$00000032)
    __rt_lib_init_exceptions_1               0x000001f7   Thumb Code     0  libinit2.o(.ARM.Collect$$libinit$$00000030)
    __rt_lib_init_fp_trap_1                  0x000001f7   Thumb Code     0  libinit2.o(.ARM.Collect$$libinit$$0000001F)
    __rt_lib_init_getenv_1                   0x000001f7   Thumb Code     0  libinit2.o(.ARM.Collect$$libinit$$00000023)
    __rt_lib_init_lc_collate_1               0x000001f7   Thumb Code     0  libinit2.o(.ARM.Collect$$libinit$$00000011)
    __rt_lib_init_lc_ctype_1                 0x000001f7   Thumb Code     0  libinit2.o(.ARM.Collect$$libinit$$00000013)
    __rt_lib_init_lc_monetary_1              0x000001f7   Thumb Code     0  libinit2.o(.ARM.Collect$$libinit$$00000015)
    __rt_lib_init_lc_numeric_1               0x000001f7   Thumb Code     0  libinit2.o(.ARM.Collect$$libinit$$00000017)
    __rt_lib_init_lc_time_1                  0x000001f7   Thumb Code     0  libinit2.o(.ARM.Collect$$libinit$$00000019)
    __rt_lib_init_rand_1                     0x000001f7   Thumb Code     0  libinit2.o(.ARM.Collect$$libinit$$0000000E)
    __rt_lib_init_return                     0x000001f7   Thumb Code     0  libinit2.o(.ARM.Collect$$libinit$$00000033)
    __rt_lib_init_signal_1                   0x000001f7   Thumb Code     0  libinit2.o(.ARM.Collect$$libinit$$0000001D)
    __rt_lib_init_stdio_1                    0x000001f7   Thumb Code     0  libinit2.o(.ARM.Collect$$libinit$$00000025)
    Inline ARM to Thumb Veneer to __rt_lib_shutdown 0x00000204   ARM Code       8  libshutdown.o(.ARM.Collect$$libshutdown$$00000000)
    __rt_lib_shutdown                        0x0000020d   Thumb Code     0  libshutdown.o(.ARM.Collect$$libshutdown$$00000000)
    __rt_lib_shutdown_cpp_1                  0x00000211   Thumb Code     0  libshutdown2.o(.ARM.Collect$$libshutdown$$00000002)
    __rt_lib_shutdown_fp_trap_1              0x00000211   Thumb Code     0  libshutdown2.o(.ARM.Collect$$libshutdown$$00000007)
    __rt_lib_shutdown_heap_1                 0x00000211   Thumb Code     0  libshutdown2.o(.ARM.Collect$$libshutdown$$0000000F)
    __rt_lib_shutdown_return                 0x00000211   Thumb Code     0  libshutdown2.o(.ARM.Collect$$libshutdown$$00000010)
    __rt_lib_shutdown_signal_1               0x00000211   Thumb Code     0  libshutdown2.o(.ARM.Collect$$libshutdown$$0000000A)
    __rt_lib_shutdown_stdio_1                0x00000211   Thumb Code     0  libshutdown2.o(.ARM.Collect$$libshutdown$$00000004)
    __rt_lib_shutdown_user_alloc_1           0x00000211   Thumb Code     0  libshutdown2.o(.ARM.Collect$$libshutdown$$0000000C)
    __rt_entry                               0x00000218   ARM Code       0  __rtentry.o(.ARM.Collect$$rtentry$$00000000)
    __rt_entry_presh_1                       0x00000218   ARM Code       0  __rtentry2.o(.ARM.Collect$$rtentry$$00000002)
    __rt_entry_sh                            0x00000218   ARM Code       0  __rtentry4.o(.ARM.Collect$$rtentry$$00000004)
    __rt_entry_li                            0x00000220   ARM Code       0  __rtentry2.o(.ARM.Collect$$rtentry$$0000000A)
    __rt_entry_postsh_1                      0x00000220   ARM Code       0  __rtentry2.o(.ARM.Collect$$rtentry$$00000009)
    __rt_entry_main                          0x00000224   ARM Code       0  __rtentry2.o(.ARM.Collect$$rtentry$$0000000D)
    __rt_entry_postli_1                      0x00000224   ARM Code       0  __rtentry2.o(.ARM.Collect$$rtentry$$0000000C)
    Inline Thumb to ARM Veneer to __rt_exit  0x0000024d   Thumb Code     4  rtexit.o(.ARM.Collect$$rtexit$$00000000)
    __rt_exit                                0x00000250   ARM Code       0  rtexit.o(.ARM.Collect$$rtexit$$00000000)
    __rt_exit_ls                             0x00000254   ARM Code       0  rtexit2.o(.ARM.Collect$$rtexit$$00000003)
    __rt_exit_prels_1                        0x00000254   ARM Code       0  rtexit2.o(.ARM.Collect$$rtexit$$00000002)
    __rt_exit_exit                           0x00000258   ARM Code       0  rtexit2.o(.ARM.Collect$$rtexit$$00000004)
    Inline ARM to Thumb Veneer to rand       0x00000260   ARM Code       8  rand.o(.emb_text)
    rand                                     0x00000269   Thumb Code    52  rand.o(.emb_text)
    __user_initial_stackheap                 0x000002a0   ARM Code       0  startup.o(.text)
    Inline ARM to Thumb Veneer to __2sprintf 0x000002c0   ARM Code       8  noretval__2sprintf.o(.text)
    __2sprintf                               0x000002c9   Thumb Code    36  noretval__2sprintf.o(.text)
    __printf                                 0x000002f1   Thumb Code   118  __printf.o(.text)
    Inline ARM to Thumb Veneer to _printf_int_dec 0x00000368   ARM Code       8  _printf_dec.o(.text)
    _printf_int_dec                          0x00000371   Thumb Code    94  _printf_dec.o(.text)
    Inline ARM to Thumb Veneer to srand      0x000003e0   ARM Code       8  rand.o(.text)
    srand                                    0x000003e9   Thumb Code    46  rand.o(.text)
    _rand_init                               0x00000417   Thumb Code     4  rand.o(.text)
    __aeabi_memcpy4                          0x00000428   ARM Code       0  rt_memcpy_w.o(.text)
    __aeabi_memcpy8                          0x00000428   ARM Code       0  rt_memcpy_w.o(.text)
    __rt_memcpy_w                            0x00000428   ARM Code     100  rt_memcpy_w.o(.text)
    _memcpy_lastbytes_aligned                0x00000474   ARM Code       0  rt_memcpy_w.o(.text)
    __aeabi_memclr4                          0x0000048c   ARM Code       0  rt_memclr_w.o(.text)
    __aeabi_memclr8                          0x0000048c   ARM Code       0  rt_memclr_w.o(.text)
    __rt_memclr_w                            0x0000048c   ARM Code      84  rt_memclr_w.o(.text)
    _memset_w                                0x00000490   ARM Code       0  rt_memclr_w.o(.text)
    __aeabi_idiv                             0x000004e0   ARM Code       0  aeabi_sdiv.o(.text)
    __aeabi_idivmod                          0x000004e0   ARM Code     384  aeabi_sdiv.o(.text)
    __use_two_region_memory                  0x00000661   Thumb Code     2  heapauxi.o(.text)
    __rt_heap_escrow$2region                 0x00000663   Thumb Code     2  heapauxi.o(.text)
    __rt_heap_expand$2region                 0x00000665   Thumb Code     2  heapauxi.o(.text)
    _printf_int_common                       0x00000667   Thumb Code   186  _printf_intcommon.o(.text)
    _printf_char_common                      0x0000072b   Thumb Code    34  _printf_char_common.o(.text)
    _sputc                                   0x00000751   Thumb Code    10  _sputc.o(.text)
    Inline Thumb to ARM Veneer to __rt_udiv10 0x0000075d   Thumb Code     4  rtudiv10.o(.text)
    __rt_udiv10                              0x00000760   ARM Code      44  rtudiv10.o(.text)
    __user_setup_stackheap                   0x0000078c   ARM Code      96  sys_stackheap_outer.o(.text)
    exit                                     0x000007ed   Thumb Code    20  exit.o(.text)
    __user_libspace                          0x00000800   ARM Code      12  libspace.o(.text)
    __user_perproc_libspace                  0x00000800   ARM Code       0  libspace.o(.text)
    __user_perthread_libspace                0x00000800   ARM Code       0  libspace.o(.text)
    Inline ARM to Thumb Veneer to _sys_exit  0x0000080c   ARM Code       8  sys_exit.o(.text)
    _sys_exit                                0x00000815   Thumb Code     8  sys_exit.o(.text)
    __I$use$semihosting                      0x00000820   ARM Code       0  use_no_semi.o(.text)
    __use_no_semihosting_swi                 0x00000820   ARM Code       4  use_no_semi.o(.text)
    __aeabi_uidiv                            0x00000824   ARM Code       0  aeabi_sdiv.o(.text_udiv)
    __aeabi_uidivmod                         0x00000824   ARM Code      36  aeabi_sdiv.o(.text_udiv)
    __semihosting_library_function           0x00000824   ARM Code       0  indicate_semi.o(.text)
    ClearScreen                              0x00000848   ARM Code      36  main.o(i.ClearScreen)
    Collision_Chack                          0x00000870   ARM Code     172  main.o(i.Collision_Chack)
    Food_Update                              0x00000924   ARM Code     596  main.o(i.Food_Update)
    GPIO_Init                                0x00000ba0   ARM Code     752  lpc213x_lib.o(i.GPIO_Init)
    GPIO_WritePin                            0x00000e9c   ARM Code      24  lpc213x_lib.o(i.GPIO_WritePin)
    Game_Draw                                0x00000eb4   ARM Code     124  main.o(i.Game_Draw)
    Game_Init                                0x00000f48   ARM Code     212  main.o(i.Game_Init)
    Game_Update                              0x0000103c   ARM Code     228  main.o(i.Game_Update)
    New_Food                                 0x0000116c   ARM Code     196  main.o(i.New_Food)
    SPI_Init                                 0x00001240   ARM Code     124  lpc213x_lib.o(i.SPI_Init)
    SPI_WriteByte                            0x000012c8   ARM Code      28  lpc213x_lib.o(i.SPI_WriteByte)
    SetPixel                                 0x000012e4   ARM Code      68  main.o(i.SetPixel)
    ShowPicture                              0x0000132c   ARM Code      40  main.o(i.ShowPicture)
    Snack_Move                               0x00001358   ARM Code     824  main.o(i.Snack_Move)
    UART0_CallBack                           0x0000169c   ARM Code      56  main.o(i.UART0_CallBack)
    UART_Cmd                                 0x000016dc   ARM Code      32  lpc213x_lib.o(i.UART_Cmd)
    UART_GetITStatus                         0x000016fc   ARM Code      36  lpc213x_lib.o(i.UART_GetITStatus)
    UART_ITConfig                            0x00001720   ARM Code      68  lpc213x_lib.o(i.UART_ITConfig)
    UART_Init                                0x00001764   ARM Code     208  lpc213x_lib.o(i.UART_Init)
    UART_ReceiveData                         0x00001844   ARM Code      16  lpc213x_lib.o(i.UART_ReceiveData)
    UART_SendData                            0x00001854   ARM Code      28  lpc213x_lib.o(i.UART_SendData)
    VIC_Init                                 0x00001870   ARM Code      96  lpc213x_lib.o(i.VIC_Init)
    __ARM_common_call_via_r1                 0x000018d1   Thumb Code     2  __printf.o(i.__ARM_common_call_via_r1)
    __ARM_common_call_via_r2                 0x000018d3   Thumb Code     2  __printf.o(i.__ARM_common_call_via_r2)
    delay                                    0x000018d4   ARM Code      48  lpc213x_lib.o(i.delay)
    delay_us                                 0x00001908   ARM Code      48  lpc213x_lib.o(i.delay_us)
    display                                  0x00001938   ARM Code     412  main.o(i.display)
    main                                     0x00001ae4   ARM Code     496  main.o(i.main)
    Region$$Table$$Base                      0x00001d50   Number         0  anon$$obj.o(Region$$Table)
    Region$$Table$$Limit                     0x00001d70   Number         0  anon$$obj.o(Region$$Table)
    img_cover                                0x40000000   Data         128  main.o(.data)
    img_gameover                             0x40000080   Data         128  main.o(.data)
    snack_length                             0x40000100   Data           4  main.o(.data)
    game_state                               0x40000104   Data           4  main.o(.data)
    food_x                                   0x40000108   Data           4  main.o(.data)
    food_y                                   0x4000010c   Data           4  main.o(.data)
    score                                    0x40000110   Data           4  main.o(.data)
    sel_list                                 0x40000114   Data          32  main.o(.data)
    timer                                    0x40000134   Data           4  main.o(.data)
    key                                      0x40000138   Data           1  main.o(.data)
    snack                                    0x4000013c   Data       12288  main.o(.bss)
    screen                                   0x4000313c   Data         128  main.o(.bss)
    _random_number_data                      0x400031bc   Data         228  rand.o(.bss)
    __libspace_start                         0x400032a0   Data          96  libspace.o(.bss)
    __temporary_stack_top$libspace           0x40003300   Data           0  libspace.o(.bss)



==============================================================================

Memory Map of the image

  Image Entry point : 0x00000120

  Load Region LR_IROM1 (Base: 0x00000000, Size: 0x00001eac, Max: 0x00080000, ABSOLUTE, COMPRESSED[0x00001e78])

    Execution Region ER_IROM1 (Exec base: 0x00000000, Load base: 0x00000000, Size: 0x00001d70, Max: 0x00080000, ABSOLUTE)

    Exec Addr    Load Addr    Size         Type   Attr      Idx    E Section Name        Object

    0x00000000   0x00000000   0x00000120   Code   RO            3    RESET               startup.o
    0x00000120   0x00000120   0x00000008   Code   RO          491  * !!!main             c_t.l(__main.o)
    0x00000128   0x00000128   0x0000003c   Code   RO          675    !!!scatter          c_t.l(__scatter.o)
    0x00000164   0x00000164   0x00000044   Code   RO          673    !!dczerorl          c_t.l(__dczerorl.o)
    0x000001a8   0x000001a8   0x0000002c   Code   RO          677    !!handler_zi        c_t.l(__scatter_zi.o)
    0x000001d4   0x000001d4   0x00000004   Ven    RO          463    .ARM.Collect$$_printf_percent$$00000000  c_t.l(_printf_percent.o)
    0x000001d8   0x000001d8   0x00000000   Code   RO          463    .ARM.Collect$$_printf_percent$$00000000  c_t.l(_printf_percent.o)
    0x000001d8   0x000001d8   0x00000008   Code   RO          462    .ARM.Collect$$_printf_percent$$00000009  c_t.l(_printf_d.o)
    0x000001e0   0x000001e0   0x00000008   Code   RO          504    .ARM.Collect$$_printf_percent$$00000017  c_t.l(_printf_percent_end.o)
    0x000001e8   0x000001e8   0x00000008   Ven    RO          596    .ARM.Collect$$libinit$$00000000  c_t.l(libinit.o)
    0x000001f0   0x000001f0   0x00000002   Code   RO          596    .ARM.Collect$$libinit$$00000000  c_t.l(libinit.o)
    0x000001f2   0x000001f2   0x00000000   Code   RO          508    .ARM.Collect$$libinit$$00000002  c_t.l(libinit2.o)
    0x000001f2   0x000001f2   0x00000000   Code   RO          510    .ARM.Collect$$libinit$$00000004  c_t.l(libinit2.o)
    0x000001f2   0x000001f2   0x00000000   Code   RO          513    .ARM.Collect$$libinit$$0000000A  c_t.l(libinit2.o)
    0x000001f2   0x000001f2   0x00000000   Code   RO          515    .ARM.Collect$$libinit$$0000000C  c_t.l(libinit2.o)
    0x000001f2   0x000001f2   0x00000004   Code   RO          516    .ARM.Collect$$libinit$$0000000D  c_t.l(libinit2.o)
    0x000001f6   0x000001f6   0x00000000   Code   RO          517    .ARM.Collect$$libinit$$0000000E  c_t.l(libinit2.o)
    0x000001f6   0x000001f6   0x00000000   Code   RO          520    .ARM.Collect$$libinit$$00000011  c_t.l(libinit2.o)
    0x000001f6   0x000001f6   0x00000000   Code   RO          522    .ARM.Collect$$libinit$$00000013  c_t.l(libinit2.o)
    0x000001f6   0x000001f6   0x00000000   Code   RO          524    .ARM.Collect$$libinit$$00000015  c_t.l(libinit2.o)
    0x000001f6   0x000001f6   0x00000000   Code   RO          526    .ARM.Collect$$libinit$$00000017  c_t.l(libinit2.o)
    0x000001f6   0x000001f6   0x00000000   Code   RO          528    .ARM.Collect$$libinit$$00000019  c_t.l(libinit2.o)
    0x000001f6   0x000001f6   0x00000000   Code   RO          530    .ARM.Collect$$libinit$$0000001B  c_t.l(libinit2.o)
    0x000001f6   0x000001f6   0x00000000   Code   RO          532    .ARM.Collect$$libinit$$0000001D  c_t.l(libinit2.o)
    0x000001f6   0x000001f6   0x00000000   Code   RO          534    .ARM.Collect$$libinit$$0000001F  c_t.l(libinit2.o)
    0x000001f6   0x000001f6   0x00000000   Code   RO          536    .ARM.Collect$$libinit$$00000021  c_t.l(libinit2.o)
    0x000001f6   0x000001f6   0x00000000   Code   RO          538    .ARM.Collect$$libinit$$00000023  c_t.l(libinit2.o)
    0x000001f6   0x000001f6   0x00000000   Code   RO          540    .ARM.Collect$$libinit$$00000025  c_t.l(libinit2.o)
    0x000001f6   0x000001f6   0x00000000   Code   RO          544    .ARM.Collect$$libinit$$0000002C  c_t.l(libinit2.o)
    0x000001f6   0x000001f6   0x00000000   Code   RO          546    .ARM.Collect$$libinit$$0000002E  c_t.l(libinit2.o)
    0x000001f6   0x000001f6   0x00000000   Code   RO          548    .ARM.Collect$$libinit$$00000030  c_t.l(libinit2.o)
    0x000001f6   0x000001f6   0x00000000   Code   RO          550    .ARM.Collect$$libinit$$00000032  c_t.l(libinit2.o)
    0x000001f6   0x000001f6   0x0000000c   Code   RO          551    .ARM.Collect$$libinit$$00000033  c_t.l(libinit2.o)
    0x00000202   0x00000202   0x00000002   PAD
    0x00000204   0x00000204   0x00000008   Ven    RO          640    .ARM.Collect$$libshutdown$$00000000  c_t.l(libshutdown.o)
    0x0000020c   0x0000020c   0x00000004   Code   RO          640    .ARM.Collect$$libshutdown$$00000000  c_t.l(libshutdown.o)
    0x00000210   0x00000210   0x00000000   Code   RO          656    .ARM.Collect$$libshutdown$$00000002  c_t.l(libshutdown2.o)
    0x00000210   0x00000210   0x00000000   Code   RO          658    .ARM.Collect$$libshutdown$$00000004  c_t.l(libshutdown2.o)
    0x00000210   0x00000210   0x00000000   Code   RO          661    .ARM.Collect$$libshutdown$$00000007  c_t.l(libshutdown2.o)
    0x00000210   0x00000210   0x00000000   Code   RO          664    .ARM.Collect$$libshutdown$$0000000A  c_t.l(libshutdown2.o)
    0x00000210   0x00000210   0x00000000   Code   RO          666    .ARM.Collect$$libshutdown$$0000000C  c_t.l(libshutdown2.o)
    0x00000210   0x00000210   0x00000000   Code   RO          669    .ARM.Collect$$libshutdown$$0000000F  c_t.l(libshutdown2.o)
    0x00000210   0x00000210   0x00000006   Code   RO          670    .ARM.Collect$$libshutdown$$00000010  c_t.l(libshutdown2.o)
    0x00000216   0x00000216   0x00000002   PAD
    0x00000218   0x00000218   0x00000000   Code   RO          493    .ARM.Collect$$rtentry$$00000000  c_t.l(__rtentry.o)
    0x00000218   0x00000218   0x00000000   Code   RO          553    .ARM.Collect$$rtentry$$00000002  c_t.l(__rtentry2.o)
    0x00000218   0x00000218   0x00000008   Code   RO          565    .ARM.Collect$$rtentry$$00000004  c_t.l(__rtentry4.o)
    0x00000220   0x00000220   0x00000000   Code   RO          555    .ARM.Collect$$rtentry$$00000009  c_t.l(__rtentry2.o)
    0x00000220   0x00000220   0x00000004   Code   RO          556    .ARM.Collect$$rtentry$$0000000A  c_t.l(__rtentry2.o)
    0x00000224   0x00000224   0x00000000   Code   RO          558    .ARM.Collect$$rtentry$$0000000C  c_t.l(__rtentry2.o)
    0x00000224   0x00000224   0x00000028   Code   RO          559    .ARM.Collect$$rtentry$$0000000D  c_t.l(__rtentry2.o)
    0x0000024c   0x0000024c   0x00000004   Ven    RO          602    .ARM.Collect$$rtexit$$00000000  c_t.l(rtexit.o)
    0x00000250   0x00000250   0x00000004   Code   RO          602    .ARM.Collect$$rtexit$$00000000  c_t.l(rtexit.o)
    0x00000254   0x00000254   0x00000000   Code   RO          622    .ARM.Collect$$rtexit$$00000002  c_t.l(rtexit2.o)
    0x00000254   0x00000254   0x00000004   Code   RO          623    .ARM.Collect$$rtexit$$00000003  c_t.l(rtexit2.o)
    0x00000258   0x00000258   0x00000008   Code   RO          624    .ARM.Collect$$rtexit$$00000004  c_t.l(rtexit2.o)
    0x00000260   0x00000260   0x00000008   Ven    RO          464    .emb_text           c_t.l(rand.o)
    0x00000268   0x00000268   0x00000038   Code   RO          464    .emb_text           c_t.l(rand.o)
    0x000002a0   0x000002a0   0x00000020   Code   RO            4    .text               startup.o
    0x000002c0   0x000002c0   0x00000008   Ven    RO          432    .text               c_t.l(noretval__2sprintf.o)
    0x000002c8   0x000002c8   0x00000028   Code   RO          432    .text               c_t.l(noretval__2sprintf.o)
    0x000002f0   0x000002f0   0x00000076   Code   RO          434    .text               c_t.l(__printf.o)
    0x00000366   0x00000366   0x00000002   PAD
    0x00000368   0x00000368   0x00000008   Ven    RO          440    .text               c_t.l(_printf_dec.o)
    0x00000370   0x00000370   0x00000070   Code   RO          440    .text               c_t.l(_printf_dec.o)
    0x000003e0   0x000003e0   0x00000008   Ven    RO          465    .text               c_t.l(rand.o)
    0x000003e8   0x000003e8   0x00000040   Code   RO          465    .text               c_t.l(rand.o)
    0x00000428   0x00000428   0x00000064   Code   RO          469    .text               c_t.l(rt_memcpy_w.o)
    0x0000048c   0x0000048c   0x00000054   Code   RO          471    .text               c_t.l(rt_memclr_w.o)
    0x000004e0   0x000004e0   0x00000180   Code   RO          473    .text               c_t.l(aeabi_sdiv.o)
    0x00000660   0x00000660   0x00000006   Code   RO          489    .text               c_t.l(heapauxi.o)
    0x00000666   0x00000666   0x000000ba   Code   RO          498    .text               c_t.l(_printf_intcommon.o)
    0x00000720   0x00000720   0x00000030   Code   RO          500    .text               c_t.l(_printf_char_common.o)
    0x00000750   0x00000750   0x0000000a   Code   RO          502    .text               c_t.l(_sputc.o)
    0x0000075a   0x0000075a   0x00000002   PAD
    0x0000075c   0x0000075c   0x00000004   Ven    RO          505    .text               c_t.l(rtudiv10.o)
    0x00000760   0x00000760   0x0000002c   Code   RO          505    .text               c_t.l(rtudiv10.o)
    0x0000078c   0x0000078c   0x00000060   Code   RO          579    .text               c_t.l(sys_stackheap_outer.o)
    0x000007ec   0x000007ec   0x00000014   Code   RO          581    .text               c_t.l(exit.o)
    0x00000800   0x00000800   0x0000000c   Code   RO          599    .text               c_t.l(libspace.o)
    0x0000080c   0x0000080c   0x00000008   Ven    RO          616    .text               c_t.l(sys_exit.o)
    0x00000814   0x00000814   0x0000000c   Code   RO          616    .text               c_t.l(sys_exit.o)
    0x00000820   0x00000820   0x00000004   Code   RO          618    .text               c_t.l(use_no_semi.o)
    0x00000824   0x00000824   0x00000000   Code   RO          620    .text               c_t.l(indicate_semi.o)
    0x00000824   0x00000824   0x00000024   Code   RO          474    .text_udiv          c_t.l(aeabi_sdiv.o)
    0x00000848   0x00000848   0x00000028   Code   RO           11    i.ClearScreen       main.o
    0x00000870   0x00000870   0x000000b4   Code   RO           12    i.Collision_Chack   main.o
    0x00000924   0x00000924   0x0000027c   Code   RO           13    i.Food_Update       main.o
    0x00000ba0   0x00000ba0   0x000002fc   Code   RO          134    i.GPIO_Init         lpc213x_lib.o
    0x00000e9c   0x00000e9c   0x00000018   Code   RO          137    i.GPIO_WritePin     lpc213x_lib.o
    0x00000eb4   0x00000eb4   0x00000094   Code   RO           14    i.Game_Draw         main.o
    0x00000f48   0x00000f48   0x000000f4   Code   RO           15    i.Game_Init         main.o
    0x0000103c   0x0000103c   0x00000130   Code   RO           16    i.Game_Update       main.o
    0x0000116c   0x0000116c   0x000000d4   Code   RO           17    i.New_Food          main.o
    0x00001240   0x00001240   0x00000088   Code   RO          155    i.SPI_Init          lpc213x_lib.o
    0x000012c8   0x000012c8   0x0000001c   Code   RO          157    i.SPI_WriteByte     lpc213x_lib.o
    0x000012e4   0x000012e4   0x00000048   Code   RO           19    i.SetPixel          main.o
    0x0000132c   0x0000132c   0x0000002c   Code   RO           20    i.ShowPicture       main.o
    0x00001358   0x00001358   0x00000344   Code   RO           21    i.Snack_Move        main.o
    0x0000169c   0x0000169c   0x00000040   Code   RO           22    i.UART0_CallBack    main.o
    0x000016dc   0x000016dc   0x00000020   Code   RO          163    i.UART_Cmd          lpc213x_lib.o
    0x000016fc   0x000016fc   0x00000024   Code   RO          164    i.UART_GetITStatus  lpc213x_lib.o
    0x00001720   0x00001720   0x00000044   Code   RO          165    i.UART_ITConfig     lpc213x_lib.o
    0x00001764   0x00001764   0x000000e0   Code   RO          166    i.UART_Init         lpc213x_lib.o
    0x00001844   0x00001844   0x00000010   Code   RO          167    i.UART_ReceiveData  lpc213x_lib.o
    0x00001854   0x00001854   0x0000001c   Code   RO          168    i.UART_SendData     lpc213x_lib.o
    0x00001870   0x00001870   0x00000060   Code   RO          169    i.VIC_Init          lpc213x_lib.o
    0x000018d0   0x000018d0   0x00000002   Code   RO          438    i.__ARM_common_call_via_r1  c_t.l(__printf.o)
    0x000018d2   0x000018d2   0x00000002   Code   RO          436    i.__ARM_common_call_via_r2  c_t.l(__printf.o)
    0x000018d4   0x000018d4   0x00000034   Code   RO          173    i.delay             lpc213x_lib.o
    0x00001908   0x00001908   0x00000030   Code   RO          174    i.delay_us          lpc213x_lib.o
    0x00001938   0x00001938   0x000001ac   Code   RO           23    i.display           main.o
    0x00001ae4   0x00001ae4   0x00000218   Code   RO           24    i.main              main.o
    0x00001cfc   0x00001cfc   0x00000052   Data   RO           26    .constdata          main.o
    0x00001d4e   0x00001d4e   0x00000002   PAD
    0x00001d50   0x00001d50   0x00000020   Data   RO          671    Region$$Table       anon$$obj.o


    Execution Region RW_IRAM1 (Exec base: 0x40000000, Load base: 0x00001d70, Size: 0x00003788, Max: 0x00008000, ABSOLUTE, COMPRESSED[0x00000108])

    Exec Addr    Load Addr    Size         Type   Attr      Idx    E Section Name        Object

    0x40000000   COMPRESSED   0x00000139   Data   RW           27    .data               main.o
    0x40000139   COMPRESSED   0x00000003   PAD
    0x4000013c        -       0x00003080   Zero   RW           25    .bss                main.o
    0x400031bc        -       0x000000e4   Zero   RW          466    .bss                c_t.l(rand.o)
    0x400032a0        -       0x00000060   Zero   RW          600    .bss                c_t.l(libspace.o)
    0x40003300        -       0x00000000   Zero   RW            2    HEAP                startup.o
    0x40003300        -       0x00000488   Zero   RW            1    STACK               startup.o


==============================================================================

Image component sizes


      Code (inc. data)   RO Data    RW Data    ZI Data      Debug   Object Name

      1552         44          0          0          0      16150   lpc213x_lib.o
      3744        284         82        313      12416      22602   main.o
       320         64          0          0       1160        576   startup.o

    ----------------------------------------------------------------------
      5616        392        116        316      13576      39328   Object Totals
         0          0         32          0          0          0   (incl. Generated)
         0          0          2          3          0          0   (incl. Padding)

    ----------------------------------------------------------------------

      Code (inc. data)   RO Data    RW Data    ZI Data      Debug   Library Member Name

        68          2          0          0          0          0   __dczerorl.o
         8          0          0          0          0         68   __main.o
       122          0          0          0          0        208   __printf.o
         0          0          0          0          0          0   __rtentry.o
        44          4          0          0          0          0   __rtentry2.o
         8          0          0          0          0          0   __rtentry4.o
        60          8          0          0          0          0   __scatter.o
        44          0          0          0          0          0   __scatter_zi.o
        48          4          0          0          0         96   _printf_char_common.o
         8          0          0          0          0          0   _printf_d.o
       120         18          0          0          0         88   _printf_dec.o
       186          0          0          0          0         96   _printf_intcommon.o
         4          0          0          0          0          0   _printf_percent.o
         8          0          0          0          0          0   _printf_percent_end.o
        10          0          0          0          0         60   _sputc.o
       420          0          0          0          0        148   aeabi_sdiv.o
        20          0          0          0          0         80   exit.o
         6          0          0          0          0        136   heapauxi.o
         0          0          0          0          0          0   indicate_semi.o
        10          0          0          0          0          0   libinit.o
        16          0          0          0          0          0   libinit2.o
        12          0          0          0          0          0   libshutdown.o
         6          0          0          0          0          0   libshutdown2.o
        12          4          0          0         96         68   libspace.o
        48          4          0          0          0         84   noretval__2sprintf.o
       136         18          0          0        228        156   rand.o
        84          0          0          0          0         80   rt_memclr_w.o
       100          0          0          0          0         80   rt_memcpy_w.o
         8          0          0          0          0          0   rtexit.o
        12          0          0          0          0          0   rtexit2.o
        48          0          0          0          0         68   rtudiv10.o
        20          4          0          0          0         60   sys_exit.o
        96          0          0          0          0         80   sys_stackheap_outer.o
         4          0          0          0          0         68   use_no_semi.o

    ----------------------------------------------------------------------
      1804         66          0          0        324       1724   Library Totals
         8          0          0          0          0          0   (incl. Padding)

    ----------------------------------------------------------------------

      Code (inc. data)   RO Data    RW Data    ZI Data      Debug   Library Name

      1796         66          0          0        324       1724   c_t.l

    ----------------------------------------------------------------------
      1804         66          0          0        324       1724   Library Totals

    ----------------------------------------------------------------------

==============================================================================


      Code (inc. data)   RO Data    RW Data    ZI Data      Debug   

      7420        458        116        316      13900      39160   Grand Totals
      7420        458        116        264      13900      39160   ELF Image Totals (compressed)
      7420        458        116        264          0          0   ROM Totals

==============================================================================

    Total RO  Size (Code + RO Data)                 7536 (   7.36kB)
    Total RW  Size (RW Data + ZI Data)             14216 (  13.88kB)
    Total ROM Size (Code + RO Data + RW Data)       7800 (   7.62kB)

==============================================================================

